[tincupchallenge.org/index.html]
[backblue.gif]
[fade.gif]
[index.html]
[cftetonvalley.org/wp-content/uploads/2024/06/Ton-Cup_Outline.svg]
[tincupchallenge.org/events/indexedf3.html]
[cftetonvalley.org/wp-content/uploads/2024/06/Donate_to_Tin-Cup-01.1.delayed]
[tincupchallenge.org/wp-json/tribe/tickets/v1/index.html]
[cftetonvalley.org/wp-content/uploads/website/graphics/community-foundation-of-teton-valley_tincup_logo.svg]
[mlkzvchgqxko.i.optimole.com/cb_XVt9.d4c1/w_auto/h_auto/q_70/g_sm/f_best/https_/cftetonvalley.org/wp-content/uploads/Jacobs03.Jacobs9.jpg]
[tincupchallenge.org/wp-json/tribe/events/v1/index.html]
[tincupchallenge.org/tin-cup-challenge/nonprofits/index.html]
[tincupchallenge.org/tin-cup-challenge/tin-cup-event/index.html]
[tincupchallenge.org/tin-cup-challenge/tin-cup-giving/index.html]
[mlkzvchgqxko.i.optimole.com/cb_XVt9.d4c1/w_792/h_1200/q_70/g_sm/f_best/https_/cftetonvalley.org/wp-content/uploads/Jacobs03.Jacobs9.jpg]
[mlkzvchgqxko.i.optimole.com/cb_XVt9.d4c1/w_auto/h_auto/q_70/g_sm/f_best/https_/cftetonvalley.org/wp-content/uploads/Curren16.2024TinCup_JessCurren-14-Edit.jpg]
[mlkzvchgqxko.i.optimole.com/cb_XVt9.d4c1/w_1200/h_801/q_70/g_sm/f_best/https_/cftetonvalley.org/wp-content/uploads/Curren16.2024TinCup_JessCurren-14-Edit.jpg]
[tincupchallenge.org/tin-cup-challenge/tin-cup-join/index.html]
[mlkzvchgqxko.i.optimole.com/cb_XVt9.d4c1/w_auto/h_auto/q_70/g_sm/f_best/https_/cftetonvalley.org/wp-content/uploads/Curren04.2024TinCup_JessCurren-26-Edit.jpg]
[mlkzvchgqxko.i.optimole.com/cb_XVt9.d4c1/w_1200/h_801/q_70/g_sm/f_best/https_/cftetonvalley.org/wp-content/uploads/Curren04.2024TinCup_JessCurren-26-Edit.jpg]
[mlkzvchgqxko.i.optimole.com/cb_XVt9.d4c1/w_auto/h_auto/q_70/g_sm/f_best/https_/cftetonvalley.org/wp-content/uploads/Curren07.2024TinCup_JessCurren-27-Edit.jpg]
[mlkzvchgqxko.i.optimole.com/cb_XVt9.d4c1/w_1200/h_801/q_70/g_sm/f_best/https_/cftetonvalley.org/wp-content/uploads/Curren07.2024TinCup_JessCurren-27-Edit.jpg]
[mlkzvchgqxko.i.optimole.com/cb_XVt9.d4c1/w_auto/h_auto/q_70/g_sm/f_best/https_/cftetonvalley.org/wp-content/uploads/Curren18.2024TinCup_JessCurren-06-Edit.jpg]
[mlkzvchgqxko.i.optimole.com/cb_XVt9.d4c1/w_1200/h_801/q_70/g_sm/f_best/https_/cftetonvalley.org/wp-content/uploads/Curren18.2024TinCup_JessCurren-06-Edit.jpg]
[mlkzvchgqxko.i.optimole.com/cb_XVt9.d4c1/w_auto/h_auto/q_70/g_sm/f_best/https_/cftetonvalley.org/wp-content/uploads/Curren01.2024TinCup_JessCurren-24-Edit.jpg]
[mlkzvchgqxko.i.optimole.com/cb_XVt9.d4c1/w_1200/h_801/q_70/g_sm/f_best/https_/cftetonvalley.org/wp-content/uploads/Curren01.2024TinCup_JessCurren-24-Edit.jpg]
[mlkzvchgqxko.i.optimole.com/cb_XVt9.d4c1/w_auto/h_auto/q_70/g_sm/f_best/https_/cftetonvalley.org/wp-content/uploads/Curren19.2024TinCup_JessCurren-21-Edit.jpg]
[mlkzvchgqxko.i.optimole.com/cb_XVt9.d4c1/w_1200/h_801/q_70/g_sm/f_best/https_/cftetonvalley.org/wp-content/uploads/Curren19.2024TinCup_JessCurren-21-Edit.jpg]
[mlkzvchgqxko.i.optimole.com/cb_XVt9.d4c1/w_auto/h_auto/q_70/g_sm/f_best/https_/cftetonvalley.org/wp-content/uploads/Simmons29.DSC_5078.jpg]
[mlkzvchgqxko.i.optimole.com/cb_XVt9.d4c1/w_800/h_1200/q_70/g_sm/f_best/https_/cftetonvalley.org/wp-content/uploads/Simmons29.DSC_5078.jpg]
[mlkzvchgqxko.i.optimole.com/cb_XVt9.d4c1/w_auto/h_auto/q_70/g_sm/f_best/https_/cftetonvalley.org/wp-content/uploads/Simmons17.DSC_5167.jpg]
[mlkzvchgqxko.i.optimole.com/cb_XVt9.d4c1/w_800/h_1200/q_70/g_sm/f_best/https_/cftetonvalley.org/wp-content/uploads/Simmons17.DSC_5167.jpg]
[mlkzvchgqxko.i.optimole.com/cb_XVt9.d4c1/w_auto/h_auto/q_70/g_sm/f_best/https_/cftetonvalley.org/wp-content/uploads/Simmons04.DSC_5261.jpg]
[mlkzvchgqxko.i.optimole.com/cb_XVt9.d4c1/w_801/h_1200/q_70/g_sm/f_best/https_/cftetonvalley.org/wp-content/uploads/Simmons04.DSC_5261.jpg]
[mlkzvchgqxko.i.optimole.com/cb_XVt9.d4c1/w_auto/h_auto/q_70/g_sm/f_best/https_/cftetonvalley.org/wp-content/uploads/Simmons06.DSC_5271.jpg]
[mlkzvchgqxko.i.optimole.com/cb_XVt9.d4c1/w_800/h_1200/q_70/g_sm/f_best/https_/cftetonvalley.org/wp-content/uploads/Simmons06.DSC_5271.jpg]
[mlkzvchgqxko.i.optimole.com/cb_XVt9.d4c1/w_auto/h_auto/q_70/g_sm/f_best/https_/cftetonvalley.org/wp-content/uploads/Simmons10.DSC_5214.jpg]
[mlkzvchgqxko.i.optimole.com/cb_XVt9.d4c1/w_800/h_1200/q_70/g_sm/f_best/https_/cftetonvalley.org/wp-content/uploads/Simmons10.DSC_5214.jpg]
[mlkzvchgqxko.i.optimole.com/cb_XVt9.d4c1/w_auto/h_auto/q_70/g_sm/f_best/https_/cftetonvalley.org/wp-content/uploads/Jacobs13.Jacobs2.jpg]
[mlkzvchgqxko.i.optimole.com/cb_XVt9.d4c1/w_1114/h_1200/q_70/g_sm/f_best/https_/cftetonvalley.org/wp-content/uploads/Jacobs13.Jacobs2.jpg]
[mlkzvchgqxko.i.optimole.com/cb_XVt9.d4c1/w_auto/h_auto/q_70/g_sm/f_best/https_/cftetonvalley.org/wp-content/uploads/Jacobs12.Jacobs1.jpg]
[mlkzvchgqxko.i.optimole.com/cb_XVt9.d4c1/w_1200/h_918/q_70/g_sm/f_best/https_/cftetonvalley.org/wp-content/uploads/Jacobs12.Jacobs1.jpg]
[mlkzvchgqxko.i.optimole.com/cb_XVt9.d4c1/w_auto/h_auto/q_70/g_sm/f_best/https_/cftetonvalley.org/wp-content/uploads/Curren02.2024TinCup_JessCurren-18-Edit.jpg]
[mlkzvchgqxko.i.optimole.com/cb_XVt9.d4c1/w_1200/h_801/q_70/g_sm/f_best/https_/cftetonvalley.org/wp-content/uploads/Curren02.2024TinCup_JessCurren-18-Edit.jpg]
[mlkzvchgqxko.i.optimole.com/cb_XVt9.d4c1/w_auto/h_auto/q_70/g_sm/f_best/https_/cftetonvalley.org/wp-content/uploads/Borrenpohl1.240720_1359.jpg]
[mlkzvchgqxko.i.optimole.com/cb_XVt9.d4c1/w_800/h_1200/q_70/g_sm/f_best/https_/cftetonvalley.org/wp-content/uploads/Borrenpohl1.240720_1359.jpg]
[mlkzvchgqxko.i.optimole.com/cb_XVt9.d4c1/w_auto/h_auto/q_70/g_sm/f_best/https_/cftetonvalley.org/wp-content/uploads/Borrenpohl4.240720_1225.jpg]
[mlkzvchgqxko.i.optimole.com/cb_XVt9.d4c1/w_1200/h_801/q_70/g_sm/f_best/https_/cftetonvalley.org/wp-content/uploads/Borrenpohl4.240720_1225.jpg]
[mlkzvchgqxko.i.optimole.com/cb_XVt9.d4c1/w_auto/h_auto/q_70/g_sm/f_best/https_/cftetonvalley.org/wp-content/uploads/Linn127.Tin-Cup-2024-5159-127.jpg]
[mlkzvchgqxko.i.optimole.com/cb_XVt9.d4c1/w_1200/h_800/q_70/g_sm/f_best/https_/cftetonvalley.org/wp-content/uploads/Linn127.Tin-Cup-2024-5159-127.jpg]
[mlkzvchgqxko.i.optimole.com/cb_XVt9.d4c1/w_auto/h_auto/q_70/g_sm/f_best/https_/cftetonvalley.org/wp-content/uploads/Jacobs09.Jacobs12.jpg]
[mlkzvchgqxko.i.optimole.com/cb_XVt9.d4c1/w_1200/h_745/q_70/g_sm/f_best/https_/cftetonvalley.org/wp-content/uploads/Jacobs09.Jacobs12.jpg]
[mlkzvchgqxko.i.optimole.com/cb_XVt9.d4c1/w_auto/h_auto/q_70/g_sm/f_best/https_/cftetonvalley.org/wp-content/uploads/Linn075.Tin-Cup-2024-5091-75.jpg]
[mlkzvchgqxko.i.optimole.com/cb_XVt9.d4c1/w_1200/h_650/q_70/g_sm/f_best/https_/cftetonvalley.org/wp-content/uploads/Linn075.Tin-Cup-2024-5091-75.jpg]
[mlkzvchgqxko.i.optimole.com/cb_XVt9.d4c1/w_1170/h_727/q_eco/g_sm/f_best/https_/cftetonvalley.org/wp-content/uploads/tin-cup/challengers-logos/img_0768.svg]
[mlkzvchgqxko.i.optimole.com/cb_XVt9.d4c1/w_1042/h_233/q_eco/g_sm/f_best/https_/cftetonvalley.org/wp-content/uploads/tin-cup/challengers-logos/ev-fishannecollaborativelogo.svg]
[mlkzvchgqxko.i.optimole.com/cb_XVt9.d4c1/w_1920/h_777/q_eco/g_sm/f_best/https_/cftetonvalley.org/wp-content/uploads/tin-cup/challengers-logos/teton-homestead-black.svg]
[mlkzvchgqxko.i.optimole.com/cb_XVt9.d4c1/w_1196/h_689/q_eco/g_sm/f_best/https_/cftetonvalley.org/wp-content/uploads/tin-cup/challengers-logos/cisco-group-stacked.svg]
[mlkzvchgqxko.i.optimole.com/cb_XVt9.d4c1/w_1366/h_751/q_eco/g_sm/f_best/https_/cftetonvalley.org/wp-content/uploads/tin-cup/challengers-logos/labellelogo2018mountains.svg]
[mlkzvchgqxko.i.optimole.com/cb_XVt9.d4c1/w_1050/h_600/q_eco/g_sm/f_best/https_/cftetonvalley.org/wp-content/uploads/tin-cup/challengers-logos/century-21-logo-template-2.svg]
[mlkzvchgqxko.i.optimole.com/cb_XVt9.d4c1/w_568/h_233/q_eco/g_sm/f_best/https_/cftetonvalley.org/wp-content/uploads/tin-cup/challengers-logos/fisher-creative.svg]
[mlkzvchgqxko.i.optimole.com/cb_XVt9.d4c1/w_1920/h_1080/q_eco/g_sm/f_best/https_/cftetonvalley.org/wp-content/uploads/tin-cup/challengers-logos/falllinerealty_logo_final_monogramtype_black_horizontal-scaled.svg]
[mlkzvchgqxko.i.optimole.com/cb_XVt9.d4c1/w_622/h_509/q_eco/g_sm/f_best/https_/cftetonvalley.org/wp-content/uploads/tin-cup/challengers-logos/garlicfete-jpeg-standard-for-cftv.svg]
[mlkzvchgqxko.i.optimole.com/cb_XVt9.d4c1/w_1920/h_1025/q_eco/g_sm/f_best/https_/cftetonvalley.org/wp-content/uploads/tin-cup/challengers-logos/general-laundry-1.svg]
[mlkzvchgqxko.i.optimole.com/cb_XVt9.d4c1/w_862/h_666/q_eco/g_sm/f_best/https_/cftetonvalley.org/wp-content/uploads/tin-cup/challengers-logos/fste_vfullcolor.svg]
[mlkzvchgqxko.i.optimole.com/cb_XVt9.d4c1/w_1920/h_881/q_eco/g_sm/f_best/https_/cftetonvalley.org/wp-content/uploads/tin-cup/challengers-logos/cascade-full-logo-color-scaled.svg]
[mlkzvchgqxko.i.optimole.com/cb_XVt9.d4c1/w_1331/h_764/q_eco/g_sm/f_best/https_/cftetonvalley.org/wp-content/uploads/TAC_PatchLogo.svg]
[mlkzvchgqxko.i.optimole.com/cb_XVt9.d4c1/w_2500/h_1932/q_eco/g_sm/f_best/https_/cftetonvalley.org/wp-content/uploads/tin-cup/challengers-logos/harmony-design-engineering_logo.svg]
[mlkzvchgqxko.i.optimole.com/cb_XVt9.d4c1/w_753/h_200/q_eco/g_sm/f_best/https_/cftetonvalley.org/wp-content/uploads/MiLogo.svg]
[mlkzvchgqxko.i.optimole.com/cb_XVt9.d4c1/w_1080/h_1200/q_eco/g_sm/f_best/https_/cftetonvalley.org/wp-content/uploads/tin-cup/challengers-logos/jh_vertbw.svg]
[mlkzvchgqxko.i.optimole.com/cb_XVt9.d4c1/w_1552/h_1200/q_eco/g_sm/f_best/https_/cftetonvalley.org/wp-content/uploads/tin-cup/challengers-logos/gtrlt_blue-final-stacked-scaled.svg]
[mlkzvchgqxko.i.optimole.com/cb_XVt9.d4c1/w_600/h_143/q_eco/g_sm/f_best/https_/cftetonvalley.org/wp-content/uploads/tin-cup/challengers-logos/farm-bureau-insurance-marketing-logo-rgb-horizontal-small-002.svg]
[mlkzvchgqxko.i.optimole.com/cb_XVt9.d4c1/w_1504/h_683/q_eco/g_sm/f_best/https_/cftetonvalley.org/wp-content/uploads/tin-cup/challengers-logos/textbackground-1.svg]
[mlkzvchgqxko.i.optimole.com/cb_XVt9.d4c1/w_1429/h_978/q_eco/g_sm/f_best/https_/cftetonvalley.org/wp-content/uploads/tin-cup/challengers-logos/98-logo.rgb_.svg]
[mlkzvchgqxko.i.optimole.com/cb_XVt9.d4c1/w_2500/h_1488/q_eco/g_sm/f_best/https_/cftetonvalley.org/wp-content/uploads/tin-cup/challengers-logos/heimerl-beard-st-claire_teton-valley-attorney.svg]
[mlkzvchgqxko.i.optimole.com/cb_XVt9.d4c1/w_366/h_228/q_eco/g_sm/f_best/https_/cftetonvalley.org/wp-content/uploads/tin-cup/challengers-logos/screenshot-2024-05-31-at-1.06.57-pm.svg]
[mlkzvchgqxko.i.optimole.com/cb_XVt9.d4c1/w_1422/h_1200/q_eco/g_sm/f_best/https_/cftetonvalley.org/wp-content/uploads/tin-cup/challengers-logos/luceylogo_rgb-scaled.svg]
[mlkzvchgqxko.i.optimole.com/cb_XVt9.d4c1/w_450/h_381/q_eco/g_sm/f_best/https_/cftetonvalley.org/wp-content/uploads/tin-cup/challengers-logos/under-stellas-umbrella_logo.svg]
[mlkzvchgqxko.i.optimole.com/cb_XVt9.d4c1/w_2500/h_1250/q_eco/g_sm/f_best/https_/cftetonvalley.org/wp-content/uploads/Landganics-Banner_white-background.svg]
[mlkzvchgqxko.i.optimole.com/cb_XVt9.d4c1/w_272/h_268/q_eco/g_sm/f_best/https_/cftetonvalley.org/wp-content/uploads/tin-cup/challengers-logos/with-the-grain_builders.svg]
[mlkzvchgqxko.i.optimole.com/cb_XVt9.d4c1/w_1856/h_1434/q_eco/g_sm/f_best/https_/cftetonvalley.org/wp-content/uploads/tin-cup/challengers-logos/holiday-propane_teton-valley.svg]
[mlkzvchgqxko.i.optimole.com/cb_XVt9.d4c1/w_1920/h_589/q_eco/g_sm/f_best/https_/cftetonvalley.org/wp-content/uploads/tin-cup/challengers-logos/citypass-logo-scaled.svg]
[mlkzvchgqxko.i.optimole.com/cb_XVt9.d4c1/w_1215/h_1200/q_eco/g_sm/f_best/https_/cftetonvalley.org/wp-content/uploads/tin-cup/challengers-logos/wydahoroasterslogoblack.svg]
[mlkzvchgqxko.i.optimole.com/cb_XVt9.d4c1/w_1200/h_1200/q_eco/g_sm/f_best/https_/cftetonvalley.org/wp-content/uploads/tin-cup/challengers-logos/tributary-stack-b.svg]
[mlkzvchgqxko.i.optimole.com/cb_XVt9.d4c1/w_1024/h_1024/q_eco/g_sm/f_best/https_/cftetonvalley.org/wp-content/uploads/tin-cup/challengers-logos/FallRiver.svg]
[mlkzvchgqxko.i.optimole.com/cb_XVt9.d4c1/w_1051/h_1051/q_eco/g_sm/f_best/https_/cftetonvalley.org/wp-content/uploads/tin-cup/challengers-logos/wilkinsonmontesanobuilders_chgray_90_centered.svg]
[mlkzvchgqxko.i.optimole.com/cb_XVt9.d4c1/w_2500/h_1406/q_eco/g_sm/f_best/https_/cftetonvalley.org/wp-content/uploads/S.-Allen-Custom-Windows-Covering-High-REZ.svg]
[mlkzvchgqxko.i.optimole.com/cb_XVt9.d4c1/w_1805/h_1689/q_eco/g_sm/f_best/https_/cftetonvalley.org/wp-content/uploads/tin-cup/challengers-logos/berning-project-management.svg]
[mlkzvchgqxko.i.optimole.com/cb_XVt9.d4c1/w_500/h_382/q_eco/g_sm/f_best/https_/cftetonvalley.org/wp-content/uploads/tin-cup/challengers-logos/valley_lumber_logo.svg]
[mlkzvchgqxko.i.optimole.com/cb_XVt9.d4c1/w_1772/h_642/q_eco/g_sm/f_best/https_/cftetonvalley.org/wp-content/uploads/tin-cup/challengers-logos/te-logo_talbot-electric-systems-logo.svg]
[mlkzvchgqxko.i.optimole.com/cb_XVt9.d4c1/w_503/h_276/q_eco/g_sm/f_best/https_/cftetonvalley.org/wp-content/uploads/tin-cup/challengers-logos/teton-glass_logo.svg]
[mlkzvchgqxko.i.optimole.com/cb_XVt9.d4c1/w_1280/h_318/q_eco/g_sm/f_best/https_/cftetonvalley.org/wp-content/uploads/tin-cup/challengers-logos/outlook-k1scottq.svg]
[mlkzvchgqxko.i.optimole.com/cb_XVt9.d4c1/w_1500/h_766/q_eco/g_sm/f_best/https_/cftetonvalley.org/wp-content/uploads/tin-cup/challengers-logos/studio-core-teton-valley-vertical-color-.svg]
[mlkzvchgqxko.i.optimole.com/cb_XVt9.d4c1/w_1704/h_1948/q_eco/g_sm/f_best/https_/cftetonvalley.org/wp-content/uploads/tin-cup/challengers-logos/food-shed-idaho_specialty-grocer.svg]
[mlkzvchgqxko.i.optimole.com/cb_XVt9.d4c1/w_1500/h_1500/q_eco/g_sm/f_best/https_/cftetonvalley.org/wp-content/uploads/tin-cup/challengers-logos/grand-teton-brewing.svg]
[mlkzvchgqxko.i.optimole.com/cb_XVt9.d4c1/w_2500/h_2283/q_eco/g_sm/f_best/https_/cftetonvalley.org/wp-content/uploads/Jacksonsspaservice.svg]
[mlkzvchgqxko.i.optimole.com/cb_XVt9.d4c1/w_1798/h_445/q_eco/g_sm/f_best/https_/cftetonvalley.org/wp-content/uploads/tin-cup/challengers-logos/festivelivinglogo.svg]
[mlkzvchgqxko.i.optimole.com/cb_XVt9.d4c1/w_1920/h_770/q_eco/g_sm/f_best/https_/cftetonvalley.org/wp-content/uploads/tin-cup/challengers-logos/tvr-logo-green-transparent.svg]
[mlkzvchgqxko.i.optimole.com/cb_XVt9.d4c1/w_1280/h_695/q_eco/g_sm/f_best/https_/cftetonvalley.org/wp-content/uploads/tin-cup/challengers-logos/victor-emporium-2010-logo.svg]
[mlkzvchgqxko.i.optimole.com/cb_XVt9.d4c1/w_2500/h_1305/q_eco/g_sm/f_best/https_/cftetonvalley.org/wp-content/uploads/BRLMS_Primary_Logo_Vertical.svg]
[mlkzvchgqxko.i.optimole.com/cb_XVt9.d4c1/w_1396/h_1396/q_eco/g_sm/f_best/https_/cftetonvalley.org/wp-content/uploads/tin-cup/challengers-logos/RoyalWolf.svg]
[mlkzvchgqxko.i.optimole.com/cb_XVt9.d4c1/w_296/h_134/q_eco/g_sm/f_best/https_/cftetonvalley.org/wp-content/uploads/tin-cup/challengers-logos/summit-self-storage.svg]
[mlkzvchgqxko.i.optimole.com/cb_XVt9.d4c1/w_2020/h_2020/q_eco/g_sm/f_best/https_/cftetonvalley.org/wp-content/uploads/tin-cup/challengers-logos/wells-fargo-logo.svg]
[mlkzvchgqxko.i.optimole.com/cb_XVt9.d4c1/w_601/h_601/q_eco/g_sm/f_best/https_/cftetonvalley.org/wp-content/uploads/alupkaasset_bc_logo-stacked-01.svg]
[mlkzvchgqxko.i.optimole.com/cb_XVt9.d4c1/w_1400/h_800/q_eco/g_sm/f_best/https_/cftetonvalley.org/wp-content/uploads/tin-cup/challengers-logos/lapbusinesscardfinals_frontcks.svg]
[mlkzvchgqxko.i.optimole.com/cb_XVt9.d4c1/w_1500/h_1500/q_eco/g_sm/f_best/https_/cftetonvalley.org/wp-content/uploads/tin-cup/challengers-logos/cryo-therampy-idaho_optimum-wellnesslogo.svg]
[mlkzvchgqxko.i.optimole.com/cb_XVt9.d4c1/w_800/h_464/q_eco/g_sm/f_best/https_/cftetonvalley.org/wp-content/uploads/tin-cup/challengers-logos/teton-bail-bonds-transparent-bg.svg]
[mlkzvchgqxko.i.optimole.com/cb_XVt9.d4c1/w_648/h_324/q_eco/g_sm/f_best/https_/cftetonvalley.org/wp-content/uploads/tin-cup/challengers-logos/teton_fasteners_logo__color.svg]
[mlkzvchgqxko.i.optimole.com/cb_XVt9.d4c1/w_1024/h_341/q_eco/g_sm/f_best/https_/cftetonvalley.org/wp-content/uploads/tin-cup/challengers-logos/cottonwood_dental.svg]
[mlkzvchgqxko.i.optimole.com/cb_XVt9.d4c1/w_1000/h_1000/q_eco/g_sm/f_best/https_/cftetonvalley.org/wp-content/uploads/tin-cup/challengers-logos/img_0392.svg]
[mlkzvchgqxko.i.optimole.com/cb_XVt9.d4c1/w_2400/h_1200/q_eco/g_sm/f_best/https_/cftetonvalley.org/wp-content/uploads/GA-Stacked-RB.svg]
[mlkzvchgqxko.i.optimole.com/cb_XVt9.d4c1/w_1920/h_1190/q_eco/g_sm/f_best/https_/cftetonvalley.org/wp-content/uploads/tin-cup/challengers-logos/rad-logo-white-scaled.svg]
[mlkzvchgqxko.i.optimole.com/cb_XVt9.d4c1/w_200/h_200/q_eco/g_sm/f_best/https_/cftetonvalley.org/wp-content/uploads/tin-cup/challengers-logos/22designs_logo.svg]
[cftetonvalley.org/wp-content/uploads/sslogos_horz_2color.png]
[mlkzvchgqxko.i.optimole.com/cb_XVt9.d4c1/w_1216/h_1200/q_eco/g_sm/f_best/https_/cftetonvalley.org/wp-content/uploads/tin-cup/challengers-logos/img_0487.svg]
[mlkzvchgqxko.i.optimole.com/cb_XVt9.d4c1/w_2373/h_670/q_eco/g_sm/f_best/https_/cftetonvalley.org/wp-content/uploads/tin-cup/challengers-logos/tvm-flag-FINAL-blue.svg]
[mlkzvchgqxko.i.optimole.com/cb_XVt9.d4c1/w_1200/h_1200/q_eco/g_sm/f_best/https_/cftetonvalley.org/wp-content/uploads/tin-cup/challengers-logos/spitzerrealtylogo-scaled.svg]
[mlkzvchgqxko.i.optimole.com/cb_XVt9.d4c1/w_1708/h_400/q_eco/g_sm/f_best/https_/cftetonvalley.org/wp-content/uploads/tin-cup/challengers-logos/caldwell-banker-mountain-properties.svg]
[mlkzvchgqxko.i.optimole.com/cb_XVt9.d4c1/w_533/h_419/q_eco/g_sm/f_best/https_/cftetonvalley.org/wp-content/uploads/tin-cup/challengers-logos/pei_logos-greywhiteinverse-1.svg]
[mlkzvchgqxko.i.optimole.com/cb_XVt9.d4c1/w_420/h_478/q_eco/g_sm/f_best/https_/cftetonvalley.org/wp-content/uploads/tin-cup/challengers-logos/mfp_logo.png.svg]
[mlkzvchgqxko.i.optimole.com/cb_XVt9.d4c1/w_2200/h_2200/q_eco/g_sm/f_best/https_/cftetonvalley.org/wp-content/uploads/tin-cup/challengers-logos/purveyors-of-wine_logo.svg]
[mlkzvchgqxko.i.optimole.com/cb_XVt9.d4c1/w_1920/h_706/q_eco/g_sm/f_best/https_/cftetonvalley.org/wp-content/uploads/tin-cup/challengers-logos/bea_wordmark_logo-color-scaled.svg]
[mlkzvchgqxko.i.optimole.com/cb_XVt9.d4c1/w_550/h_425/q_eco/g_sm/f_best/https_/cftetonvalley.org/wp-content/uploads/tin-cup/challengers-logos/Peaked.svg]
[cftetonvalley.org/wp-content/uploads/prospect_full-logo_cmyk.jpg]
[tincupchallenge.org/cdn-cgi/l/email-protection]
[cftetonvalley.org/wp-content/plugins/presto-player/img/sprite.74.delayed]
[mlkzvchgqxko.i.optimole.com/cb_XVt9.d4c1/w_auto/h_auto/q_70/g_sm/f_best/https_/cftetonvalley.org/wp-content/uploads/tin-cup/2023-tin-cup-event/2023-awards-event/230823_tc_awrds_0401_.jpg]
[mlkzvchgqxko.i.optimole.com/cb_XVt9.d4c1/w_1200/h_800/q_eco/g_sm/f_best/https_/cftetonvalley.org/wp-content/uploads/210825_tincup_awards_0626_.svg]
[cftetonvalley.org/wp-content/uploads/tin-cup/tin-cup-logos/cftv-18th-tin-cup-challenge-stacked-white.svg]
[tincupchallenge.org/index.html]
[tincupchallenge.org/events/indexedf3.html]
[cftetonvalley.org/wp-content/uploads/2024/06/Ton-Cup_Outline.svg]
[cftetonvalley.org/wp-content/uploads/2024/06/Donate_to_Tin-Cup-01.html]
[cftetonvalley.org/wp-content/uploads/website/graphics/community-foundation-of-teton-valley_tincup_logo.svg]
[mlkzvchgqxko.i.optimole.com/cb_XVt9.d4c1/w_2400/h_1602/q_eco/g_sm/f_best/https_/cftetonvalley.org/wp-content/uploads/jacobs02.jacobs10-upres-low-resolution-v2-2x.svg]
[mlkzvchgqxko.i.optimole.com/cb_XVt9.d4c1/w_auto/h_auto/q_70/g_sm/f_best/https_/cftetonvalley.org/wp-content/plugins/kadence-blocks-pro/includes/assets/images/ajax-loader.gif]
[mlkzvchgqxko.i.optimole.com/cb_XVt9.d4c1/w_1920/h_1029/q_eco/g_sm/f_best/https_/cftetonvalley.org/wp-content/uploads/nonprofits/abc-logo-trans-1.svg]
[mlkzvchgqxko.i.optimole.com/cb_XVt9.d4c1/w_1920/h_668/q_eco/g_sm/f_best/https_/cftetonvalley.org/wp-content/uploads/nonprofits/act_logo-05.svg]
[mlkzvchgqxko.i.optimole.com/cb_XVt9.d4c1/w_1951/h_1051/q_eco/g_sm/f_best/https_/cftetonvalley.org/wp-content/uploads/Askas_color_multi_Logo_notag-01-1.svg]
[mlkzvchgqxko.i.optimole.com/cb_XVt9.d4c1/w_481/h_481/q_eco/g_sm/f_best/https_/cftetonvalley.org/wp-content/uploads/B33circle.svg]
[mlkzvchgqxko.i.optimole.com/cb_XVt9.d4c1/w_585/h_585/q_eco/g_sm/f_best/https_/cftetonvalley.org/wp-content/uploads/image0.svg]
[mlkzvchgqxko.i.optimole.com/cb_XVt9.d4c1/w_905/h_905/q_eco/g_sm/f_best/https_/cftetonvalley.org/wp-content/uploads/nonprofits/YE_logo_color-jpeg.svg]
[cftetonvalley.org/wp-content/uploads/Civil_Air_Patrol_2022_logo.svg]
[cftetonvalley.org/wp-content/uploads/cftv-logos/cftv-logo-stacked-full-color-rgb.svg]
[mlkzvchgqxko.i.optimole.com/cb_XVt9.d4c1/w_772/h_300/q_eco/g_sm/f_best/https_/cftetonvalley.org/wp-content/uploads/CRC_Logo_RGB_Hz_SM.svg]
[mlkzvchgqxko.i.optimole.com/cb_XVt9.d4c1/w_1861/h_1200/q_eco/g_sm/f_best/https_/cftetonvalley.org/wp-content/uploads/nonprofits/dda-logo-2018.svg]
[mlkzvchgqxko.i.optimole.com/cb_XVt9.d4c1/w_1503/h_612/q_eco/g_sm/f_best/https_/cftetonvalley.org/wp-content/uploads/Earthfire_Reconnections_combined_logos-FINAL-RECOLORED.svg]
[mlkzvchgqxko.i.optimole.com/cb_XVt9.d4c1/w_2000/h_2000/q_eco/g_sm/f_best/https_/cftetonvalley.org/wp-content/uploads/EI99s_Logo.svg]
[mlkzvchgqxko.i.optimole.com/cb_XVt9.d4c1/w_463/h_329/q_eco/g_sm/f_best/https_/cftetonvalley.org/wp-content/uploads/eftv_logo_color-1.svg]
[mlkzvchgqxko.i.optimole.com/cb_XVt9.d4c1/w_1481/h_230/q_eco/g_sm/f_best/https_/cftetonvalley.org/wp-content/uploads/Logo_2color_internal.svg]
[mlkzvchgqxko.i.optimole.com/cb_XVt9.d4c1/w_1000/h_831/q_eco/g_sm/f_best/https_/cftetonvalley.org/wp-content/uploads/nonprofits/ftr-logo_transparent-background-2.svg]
[mlkzvchgqxko.i.optimole.com/cb_XVt9.d4c1/w_1142/h_1155/q_eco/g_sm/f_best/https_/cftetonvalley.org/wp-content/uploads/GTAD2.svg]
[cftetonvalley.org/wp-content/uploads/nonprofits/gtssf/grand-targhee-ski-snowboard-foundation_snowflake-logo.svg]
[mlkzvchgqxko.i.optimole.com/cb_XVt9.d4c1/w_1280/h_367/q_eco/g_sm/f_best/https_/cftetonvalley.org/wp-content/uploads/HAPI_Logo_2022-01.svg]
[cftetonvalley.org/wp-content/uploads/hispanic-resource-center.svg]
[mlkzvchgqxko.i.optimole.com/cb_XVt9.d4c1/w_1945/h_1045/q_eco/g_sm/f_best/https_/cftetonvalley.org/wp-content/uploads/la.svg]
[mlkzvchgqxko.i.optimole.com/cb_XVt9.d4c1/w_500/h_500/q_eco/g_sm/f_best/https_/cftetonvalley.org/wp-content/uploads/Lone-Wolf-Wrestling-Club-Logo.svg]
[mlkzvchgqxko.i.optimole.com/cb_XVt9.d4c1/w_523/h_479/q_eco/g_sm/f_best/https_/cftetonvalley.org/wp-content/uploads/Screen-Shot-2022-06-07-at-12.44.28-PM.svg]
[mlkzvchgqxko.i.optimole.com/cb_XVt9.d4c1/w_1854/h_878/q_eco/g_sm/f_best/https_/cftetonvalley.org/wp-content/uploads/MA_Logo_Tag_Clr.svg]
[cftetonvalley.org/wp-content/uploads/Mountain-Bike-The-Tetons_Logo-Shield.svg]
[mlkzvchgqxko.i.optimole.com/cb_XVt9.d4c1/w_1200/h_1200/q_eco/g_sm/f_best/https_/cftetonvalley.org/wp-content/uploads/nonprofits/mtn_roots_logo_color_large.svg]
[mlkzvchgqxko.i.optimole.com/cb_XVt9.d4c1/w_600/h_218/q_eco/g_sm/f_best/https_/cftetonvalley.org/wp-content/uploads/PAWS-DH-Logo-tagline-color_600px-1.svg]
[mlkzvchgqxko.i.optimole.com/cb_XVt9.d4c1/w_960/h_960/q_eco/g_sm/f_best/https_/cftetonvalley.org/wp-content/uploads/TV-Rotary-Logo.svg]
[mlkzvchgqxko.i.optimole.com/cb_XVt9.d4c1/w_670/h_670/q_eco/g_sm/f_best/https_/cftetonvalley.org/wp-content/uploads/swotlogocircle.svg]
[mlkzvchgqxko.i.optimole.com/cb_XVt9.d4c1/w_300/h_300/q_eco/g_sm/f_best/https_/cftetonvalley.org/wp-content/uploads/nonprofits/st.francis.svg]
[cftetonvalley.org/wp-content/uploads/subs-for-santa_stacked-logo-red.svg]
[mlkzvchgqxko.i.optimole.com/cb_XVt9.d4c1/w_2074/h_1622/q_eco/g_sm/f_best/https_/cftetonvalley.org/wp-content/uploads/tetonarts_logo_color.svg]
[cftetonvalley.org/wp-content/uploads/nonprofits/4-h_teton-county_clover-logo.svg]
[mlkzvchgqxko.i.optimole.com/cb_XVt9.d4c1/w_1500/h_1546/q_eco/g_sm/f_best/https_/cftetonvalley.org/wp-content/uploads/logo_new-31.svg]
[mlkzvchgqxko.i.optimole.com/cb_XVt9.d4c1/w_600/h_600/q_eco/g_sm/f_best/https_/cftetonvalley.org/wp-content/uploads/TCSAR_Logo_RGB_2-In.svg]
[cftetonvalley.org/wp-content/uploads/teton-valley-youth-soccer-club-01.svg]
[cftetonvalley.org/wp-content/uploads/teton-valley-high-school_teton-timberwolves_booster-club_logo-stacked.svg]
[mlkzvchgqxko.i.optimole.com/cb_XVt9.d4c1/w_1871/h_608/q_eco/g_sm/f_best/https_/cftetonvalley.org/wp-content/uploads/nonprofits/TRLT_RGB_green.svg]
[mlkzvchgqxko.i.optimole.com/cb_XVt9.d4c1/w_1955/h_2500/q_eco/g_sm/f_best/https_/cftetonvalley.org/wp-content/uploads/TRGLogo2023-1.svg]
[mlkzvchgqxko.i.optimole.com/cb_XVt9.d4c1/w_525/h_525/q_eco/g_sm/f_best/https_/cftetonvalley.org/wp-content/uploads/Teton-Valley-Aquatics_logo.svg]
[cftetonvalley.org/wp-content/uploads/teton-valley-backcountry-horsemen_logo-01.svg]
[mlkzvchgqxko.i.optimole.com/cb_XVt9.d4c1/w_500/h_385/q_eco/g_sm/f_best/https_/cftetonvalley.org/wp-content/uploads/nonprofits/teton-valley-balloon-rally.svg]
[cftetonvalley.org/wp-content/uploads/nonprofits/teton-valley-chamber-music-fesival_logo-stacked.svg]
[mlkzvchgqxko.i.optimole.com/cb_XVt9.d4c1/w_500/h_500/q_eco/g_sm/f_best/https_/cftetonvalley.org/wp-content/uploads/nonprofits/teton-valley-collaborative-for-early-learning_logo.svg]
[cftetonvalley.org/wp-content/uploads/nonprofits/teton-valley-community-recycling_logo.svg]
[mlkzvchgqxko.i.optimole.com/cb_XVt9.d4c1/w_1968/h_1488/q_eco/g_sm/f_best/https_/cftetonvalley.org/wp-content/uploads/TVCLogo24GreyCenter.svg]
[mlkzvchgqxko.i.optimole.com/cb_XVt9.d4c1/w_1500/h_1500/q_eco/g_sm/f_best/https_/cftetonvalley.org/wp-content/uploads/nonprofits/teton-valley-farmers-market_logo.svg]
[mlkzvchgqxko.i.optimole.com/cb_XVt9.d4c1/w_2164/h_2500/q_eco/g_sm/f_best/https_/cftetonvalley.org/wp-content/uploads/Food-Pantry.svg]
[mlkzvchgqxko.i.optimole.com/cb_XVt9.d4c1/w_1051/h_526/q_eco/g_sm/f_best/https_/cftetonvalley.org/wp-content/uploads/nonprofits/tvf_logo-01.svg]
[mlkzvchgqxko.i.optimole.com/cb_XVt9.d4c1/w_1500/h_1500/q_eco/g_sm/f_best/https_/cftetonvalley.org/wp-content/uploads/nonprofits/teton-valley-health-care_logo.svg]
[mlkzvchgqxko.i.optimole.com/cb_XVt9.d4c1/w_398/h_251/q_eco/g_sm/f_best/https_/cftetonvalley.org/wp-content/uploads/Teton-Housing-Logo_Color-100.svg]
[mlkzvchgqxko.i.optimole.com/cb_XVt9.d4c1/w_1920/h_1440/q_eco/g_sm/f_best/https_/cftetonvalley.org/wp-content/uploads/nonprofits/teton-valley-museum/teton-valley-museum.svg]
[mlkzvchgqxko.i.optimole.com/cb_XVt9.d4c1/w_1500/h_1500/q_eco/g_sm/f_best/https_/cftetonvalley.org/wp-content/uploads/nonprofits/teton-valley-skijoring/tvskijoring_logo_neonfinal_wh.svg]
[mlkzvchgqxko.i.optimole.com/cb_XVt9.d4c1/w_1000/h_1000/q_eco/g_sm/f_best/https_/cftetonvalley.org/wp-content/uploads/Trails-Pathways-Logo-med-1.svg]
[mlkzvchgqxko.i.optimole.com/cb_XVt9.d4c1/w_422/h_414/q_eco/g_sm/f_best/https_/cftetonvalley.org/wp-content/uploads/tulogo.svg]
[mlkzvchgqxko.i.optimole.com/cb_XVt9.d4c1/w_1354/h_1230/q_eco/g_sm/f_best/https_/cftetonvalley.org/wp-content/uploads/nonprofits/teton-valley-lacrosse/2020-logo.svg]
[mlkzvchgqxko.i.optimole.com/cb_XVt9.d4c1/w_2000/h_2500/q_eco/g_sm/f_best/https_/cftetonvalley.org/wp-content/uploads/twcr.svg]
[mlkzvchgqxko.i.optimole.com/cb_XVt9.d4c1/w_1659/h_1920/q_eco/g_sm/f_best/https_/cftetonvalley.org/wp-content/uploads/nonprofits/valley-adaptive-sports/vas-1.svg]
[mlkzvchgqxko.i.optimole.com/cb_XVt9.d4c1/w_1920/h_1865/q_eco/g_sm/f_best/https_/cftetonvalley.org/wp-content/uploads/nonprofits/valley-advocates-for-responsible-development/vard_hzb_cmyk_lg.svg]
[mlkzvchgqxko.i.optimole.com/cb_XVt9.d4c1/w_360/h_180/q_eco/g_sm/f_best/https_/cftetonvalley.org/wp-content/uploads/VTL_Friends-Logo_Color.svg]
[mlkzvchgqxko.i.optimole.com/cb_XVt9.d4c1/w_1035/h_1134/q_eco/g_sm/f_best/https_/cftetonvalley.org/wp-content/uploads/VictorRockParkLogoLg.svg]
[mlkzvchgqxko.i.optimole.com/cb_XVt9.d4c1/w_313/h_206/q_eco/g_sm/f_best/https_/cftetonvalley.org/wp-content/uploads/VSF-decal-Copy.svg]
[mlkzvchgqxko.i.optimole.com/cb_XVt9.d4c1/w_1500/h_1500/q_eco/g_sm/f_best/https_/cftetonvalley.org/wp-content/uploads/nonprofits/yoga-source/the-yoga-source_logo_2.svg]
[mlkzvchgqxko.i.optimole.com/cb_XVt9.d4c1/w_2560/h_2560/q_eco/g_sm/f_best/https_/cftetonvalley.org/wp-content/uploads/young-life-scaled.svg]
[mlkzvchgqxko.i.optimole.com/cb_XVt9.d4c1/w_2500/h_2500/q_eco/g_sm/f_best/https_/cftetonvalley.org/wp-content/uploads/kick-off.svg]
[mlkzvchgqxko.i.optimole.com/cb_XVt9.d4c1/w_1080/h_1080/q_eco/g_sm/f_best/https_/cftetonvalley.org/wp-content/uploads/tcc-app-closes.svg]
[mlkzvchgqxko.i.optimole.com/cb_XVt9.d4c1/w_1200/h_1200/q_eco/g_sm/f_best/https_/cftetonvalley.org/wp-content/uploads/tinny.svg]
[mlkzvchgqxko.i.optimole.com/cb_XVt9.d4c1/w_2500/h_2500/q_eco/g_sm/f_best/https_/cftetonvalley.org/wp-content/uploads/marketing-meeting.svg]
[mlkzvchgqxko.i.optimole.com/cb_XVt9.d4c1/w_1200/h_1200/q_eco/g_sm/f_best/https_/cftetonvalley.org/wp-content/uploads/mmm-deadline.svg]
[mlkzvchgqxko.i.optimole.com/cb_XVt9.d4c1/w_1080/h_1080/q_eco/g_sm/f_best/https_/cftetonvalley.org/wp-content/uploads/tcc-giving-period.svg]
[mlkzvchgqxko.i.optimole.com/cb_XVt9.d4c1/w_1080/h_1080/q_eco/g_sm/f_best/https_/cftetonvalley.org/wp-content/uploads/1.svg]
[mlkzvchgqxko.i.optimole.com/cb_XVt9.d4c1/w_1080/h_1080/q_eco/g_sm/f_best/https_/cftetonvalley.org/wp-content/uploads/tcc-giving-closes.svg]
[mlkzvchgqxko.i.optimole.com/cb_XVt9.d4c1/w_1080/h_1080/q_eco/g_sm/f_best/https_/cftetonvalley.org/wp-content/uploads/tcc-awards-party-3.svg]
[tincupchallenge.org/tin-cup-challenge/nonprofits/index.html]
[cftetonvalley.org/wp-content/uploads/250719_tin_cup_evnt_178-e1753233652600.jpg]
[mlkzvchgqxko.i.optimole.com/cb_XVt9.d4c1/w_auto/h_auto/q_70/g_sm/f_best/https_/cftetonvalley.org/wp-content/uploads/tin-cup-course-map_run-walk-route.jpg]
[mlkzvchgqxko.i.optimole.com/cb_XVt9.d4c1/w_1920/h_1920/q_eco/g_sm/f_best/https_/cftetonvalley.org/wp-content/uploads/tin-cup-course-map_run-walk-route.svg]
[cftetonvalley.org/wp-content/uploads/jesscurrentincup2025-07.jpg]
[cftetonvalley.org/wp-content/uploads/250719_tin_cup_evnt_419.jpg]
[mlkzvchgqxko.i.optimole.com/cb_XVt9.d4c1/w_2048/h_1364/q_eco/g_sm/f_best/https_/cftetonvalley.org/wp-content/uploads/unknown-5.svg]
[mlkzvchgqxko.i.optimole.com/cb_XVt9.d4c1/w_auto/h_auto/q_70/g_sm/f_best/https_/cftetonvalley.org/wp-content/uploads/dawn-banks-leadership-award_logo.jpg]
[tincupchallenge.org/tin-cup-challenge/tin-cup-event/index.html]
[mlkzvchgqxko.i.optimole.com/cb_XVt9.d4c1/w_2400/h_2400/q_eco/g_sm/f_best/https_/cftetonvalley.org/wp-content/uploads/selkowitz25.230715_tin_cup_0181_-1-upres-low-resolution-v2-2x.svg]
[mlkzvchgqxko.i.optimole.com/cb_XVt9.d4c1/w_1920/h_513/q_eco/g_sm/f_best/https_/cftetonvalley.org/wp-content/uploads/tin-cup/challengers-logos/alphagraphics-logo.svg]
[mlkzvchgqxko.i.optimole.com/cb_XVt9.d4c1/w_230/h_120/q_eco/g_sm/f_best/https_/cftetonvalley.org/wp-content/uploads/nonprofits/driggs.svg]
[mlkzvchgqxko.i.optimole.com/cb_XVt9.d4c1/w_1341/h_606/q_eco/g_sm/f_best/https_/cftetonvalley.org/wp-content/uploads/tin-cup/challengers-logos/community-foundation-of-jackson-hole.svg]
[cftetonvalley.org/wp-content/uploads/nonprofits/downtown-driggs-association/downton-driggs-association_logo_color.svg]
[mlkzvchgqxko.i.optimole.com/cb_XVt9.d4c1/w_996/h_106/q_eco/g_sm/f_best/https_/cftetonvalley.org/wp-content/uploads/tin-cup/challengers-logos/jake-hawkes-designpng.svg]
[mlkzvchgqxko.i.optimole.com/cb_XVt9.d4c1/w_175/h_72/q_eco/g_sm/f_best/https_/cftetonvalley.org/wp-content/uploads/tin-cup/challengers-logos/high-range.svg]
[mlkzvchgqxko.i.optimole.com/cb_XVt9.d4c1/w_405/h_175/q_eco/g_sm/f_best/https_/cftetonvalley.org/wp-content/uploads/tin-cup/challengers-logos/holly-sage_art.svg]
[mlkzvchgqxko.i.optimole.com/cb_XVt9.d4c1/w_512/h_512/q_eco/g_sm/f_best/https_/cftetonvalley.org/wp-content/uploads/tin-cup/challengers-logos/jackson-hole-radio.svg]
[mlkzvchgqxko.i.optimole.com/cb_XVt9.d4c1/w_1560/h_585/q_eco/g_sm/f_best/https_/cftetonvalley.org/wp-content/uploads/tin-cup/challengers-logos/kates-real-food.svg]
[mlkzvchgqxko.i.optimole.com/cb_XVt9.d4c1/w_360/h_257/q_eco/g_sm/f_best/https_/cftetonvalley.org/wp-content/uploads/tin-cup/challengers-logos/liquid-hardware.svg]
[www.mcdonalds.com/us/en-us/location/wy/jackson/1110-w-broadway/6435.html]
[mlkzvchgqxko.i.optimole.com/cb_XVt9.d4c1/w_225/h_225/q_eco/g_sm/f_best/https_/cftetonvalley.org/wp-content/uploads/tin-cup/challengers-logos/mcdonalds.svg]
[mlkzvchgqxko.i.optimole.com/cb_XVt9.d4c1/w_620/h_168/q_eco/g_sm/f_best/https_/cftetonvalley.org/wp-content/uploads/tin-cup/challengers-logos/md-landscaping-logo-2x.svg]
[mlkzvchgqxko.i.optimole.com/cb_XVt9.d4c1/w_444/h_240/q_eco/g_sm/f_best/https_/cftetonvalley.org/wp-content/uploads/tin-cup/challengers-logos/logo-new1.svg]
[cftetonvalley.org/wp-content/uploads/nonprofits/mountain-roots-education/mountain-roots-logo-green-01.svg]
[mlkzvchgqxko.i.optimole.com/cb_XVt9.d4c1/w_320/h_310/q_eco/g_sm/f_best/https_/cftetonvalley.org/wp-content/uploads/tin-cup/challengers-logos/alpino-pizzeria-logo.svg]
[mlkzvchgqxko.i.optimole.com/cb_XVt9.d4c1/w_1199/h_1200/q_eco/g_sm/f_best/https_/cftetonvalley.org/wp-content/uploads/tin-cup/challengers-logos/img_0181.svg]
[mlkzvchgqxko.i.optimole.com/cb_XVt9.d4c1/w_518/h_518/q_eco/g_sm/f_best/https_/cftetonvalley.org/wp-content/uploads/tin-cup/challengers-logos/rise.svg]
[mlkzvchgqxko.i.optimole.com/cb_XVt9.d4c1/w_1920/h_520/q_eco/g_sm/f_best/https_/cftetonvalley.org/wp-content/uploads/nonprofits/SWOT-Color.svg]
[mlkzvchgqxko.i.optimole.com/cb_XVt9.d4c1/w_392/h_174/q_eco/g_sm/f_best/https_/cftetonvalley.org/wp-content/uploads/tin-cup/challengers-logos/stinkyprints.svg]
[mlkzvchgqxko.i.optimole.com/cb_XVt9.d4c1/w_158/h_158/q_eco/g_sm/f_best/https_/cftetonvalley.org/wp-content/uploads/tin-cup/challengers-logos/teton-county-sheriff.svg]
[mlkzvchgqxko.i.optimole.com/cb_XVt9.d4c1/w_500/h_623/q_eco/g_sm/f_best/https_/cftetonvalley.org/wp-content/uploads/nonprofits/revised-geo-logo.svg]
[mlkzvchgqxko.i.optimole.com/cb_XVt9.d4c1/w_738/h_445/q_eco/g_sm/f_best/https_/cftetonvalley.org/wp-content/uploads/tin-cup/challengers-logos/teton-school-distr.svg]
[mlkzvchgqxko.i.optimole.com/cb_XVt9.d4c1/w_1200/h_1200/q_eco/g_sm/f_best/https_/cftetonvalley.org/wp-content/uploads/nonprofits/TVCR.svg]
[mlkzvchgqxko.i.optimole.com/cb_XVt9.d4c1/w_400/h_292/q_eco/g_sm/f_best/https_/cftetonvalley.org/wp-content/uploads/tin-cup/challengers-logos/teton-valley-news.svg]
[mlkzvchgqxko.i.optimole.com/cb_XVt9.d4c1/w_300/h_300/q_eco/g_sm/f_best/https_/cftetonvalley.org/wp-content/uploads/nonprofits/tvtap-3.svg]
[mlkzvchgqxko.i.optimole.com/cb_XVt9.d4c1/w_1200/h_476/q_eco/g_sm/f_best/https_/cftetonvalley.org/wp-content/uploads/tin-cup/challengers-logos/church_of_jesus_christ_of_latter-day_saints.svg_.svg]
[mlkzvchgqxko.i.optimole.com/cb_XVt9.d4c1/w_708/h_747/q_eco/g_sm/f_best/https_/cftetonvalley.org/wp-content/uploads/tin-cup/challengers-logos/transcend-ideas-logo_full.svg]
[mlkzvchgqxko.i.optimole.com/cb_XVt9.d4c1/w_952/h_250/q_eco/g_sm/f_best/https_/cftetonvalley.org/wp-content/uploads/tin-cup/challengers-logos/us-bank.svg]
[mlkzvchgqxko.i.optimole.com/cb_XVt9.d4c1/w_360/h_180/q_eco/g_sm/f_best/https_/cftetonvalley.org/wp-content/uploads/VTL_Friends-Logo_Color-1.svg]
[tincupchallenge.org/tin-cup-challenge/tin-cup-giving/index.html]
[mlkzvchgqxko.i.optimole.com/cb_XVt9.d4c1/w_1900/h_1267/q_eco/g_sm/f_best/https_/cftetonvalley.org/wp-content/uploads/2024TinCup_JessCurren-23-Edit.svg]
[tincupchallenge.org/tin-cup-challenge/tin-cup-join/index.html]
[tincupchallenge.org/fund-holder-login/index.html]
[mlkzvchgqxko.i.optimole.com/cb_XVt9.d4c1/w_1170/h_727/q_eco/g_sm/f_best/https_/cftetonvalley.org/wp-content/uploads/tin-cup/challengers-logos/img_0768.svg]
[tincupchallenge.org/challengers/tetonia-club/index.html]
[mlkzvchgqxko.i.optimole.com/cb_XVt9.d4c1/w_1042/h_233/q_eco/g_sm/f_best/https_/cftetonvalley.org/wp-content/uploads/tin-cup/challengers-logos/ev-fishannecollaborativelogo.svg]
[tincupchallenge.org/challengers/anne-fish-real-estate/index.html]
[mlkzvchgqxko.i.optimole.com/cb_XVt9.d4c1/w_1920/h_777/q_eco/g_sm/f_best/https_/cftetonvalley.org/wp-content/uploads/tin-cup/challengers-logos/teton-homestead-black.svg]
[tincupchallenge.org/challengers/teton-homestead/index.html]
[mlkzvchgqxko.i.optimole.com/cb_XVt9.d4c1/w_1196/h_689/q_eco/g_sm/f_best/https_/cftetonvalley.org/wp-content/uploads/tin-cup/challengers-logos/cisco-group-stacked.svg]
[tincupchallenge.org/challengers/cisco-group-jhsir/index.html]
[mlkzvchgqxko.i.optimole.com/cb_XVt9.d4c1/w_1366/h_751/q_eco/g_sm/f_best/https_/cftetonvalley.org/wp-content/uploads/tin-cup/challengers-logos/labellelogo2018mountains.svg]
[tincupchallenge.org/challengers/teton-valley-team/index.html]
[mlkzvchgqxko.i.optimole.com/cb_XVt9.d4c1/w_1050/h_600/q_eco/g_sm/f_best/https_/cftetonvalley.org/wp-content/uploads/tin-cup/challengers-logos/century-21-logo-template-2.svg]
[tincupchallenge.org/challengers/century-21/index.html]
[mlkzvchgqxko.i.optimole.com/cb_XVt9.d4c1/w_568/h_233/q_eco/g_sm/f_best/https_/cftetonvalley.org/wp-content/uploads/tin-cup/challengers-logos/fisher-creative.svg]
[tincupchallenge.org/challengers/fisher-creative/index.html]
[mlkzvchgqxko.i.optimole.com/cb_XVt9.d4c1/w_1920/h_1080/q_eco/g_sm/f_best/https_/cftetonvalley.org/wp-content/uploads/tin-cup/challengers-logos/falllinerealty_logo_final_monogramtype_black_horizontal-scaled.svg]
[tincupchallenge.org/challengers/fall-line-realty-group/index.html]
[mlkzvchgqxko.i.optimole.com/cb_XVt9.d4c1/w_622/h_509/q_eco/g_sm/f_best/https_/cftetonvalley.org/wp-content/uploads/tin-cup/challengers-logos/garlicfete-jpeg-standard-for-cftv.svg]
[tincupchallenge.org/challengers/garlic-fete/index.html]
[mlkzvchgqxko.i.optimole.com/cb_XVt9.d4c1/w_1920/h_1025/q_eco/g_sm/f_best/https_/cftetonvalley.org/wp-content/uploads/tin-cup/challengers-logos/general-laundry-1.svg]
[tincupchallenge.org/challengers/general-laundry-co/index.html]
[mlkzvchgqxko.i.optimole.com/cb_XVt9.d4c1/w_862/h_666/q_eco/g_sm/f_best/https_/cftetonvalley.org/wp-content/uploads/tin-cup/challengers-logos/fste_vfullcolor.svg]
[tincupchallenge.org/challengers/first-american-title-company/index.html]
[mlkzvchgqxko.i.optimole.com/cb_XVt9.d4c1/w_1920/h_881/q_eco/g_sm/f_best/https_/cftetonvalley.org/wp-content/uploads/tin-cup/challengers-logos/cascade-full-logo-color-scaled.svg]
[tincupchallenge.org/challengers/chircop-associates/index.html]
[mlkzvchgqxko.i.optimole.com/cb_XVt9.d4c1/w_1331/h_764/q_eco/g_sm/f_best/https_/cftetonvalley.org/wp-content/uploads/TAC_PatchLogo.svg]
[tincupchallenge.org/challengers/teton-aviation/index.html]
[mlkzvchgqxko.i.optimole.com/cb_XVt9.d4c1/w_2500/h_1932/q_eco/g_sm/f_best/https_/cftetonvalley.org/wp-content/uploads/tin-cup/challengers-logos/harmony-design-engineering_logo.svg]
[tincupchallenge.org/challengers/harmony-design-engineering/index.html]
[mlkzvchgqxko.i.optimole.com/cb_XVt9.d4c1/w_753/h_200/q_eco/g_sm/f_best/https_/cftetonvalley.org/wp-content/uploads/MiLogo.svg]
[tincupchallenge.org/challengers/mountainside-institute/index.html]
[mlkzvchgqxko.i.optimole.com/cb_XVt9.d4c1/w_1080/h_1200/q_eco/g_sm/f_best/https_/cftetonvalley.org/wp-content/uploads/tin-cup/challengers-logos/jh_vertbw.svg]
[tincupchallenge.org/challengers/karin-wertheim/index.html]
[mlkzvchgqxko.i.optimole.com/cb_XVt9.d4c1/w_1552/h_1200/q_eco/g_sm/f_best/https_/cftetonvalley.org/wp-content/uploads/tin-cup/challengers-logos/gtrlt_blue-final-stacked-scaled.svg]
[tincupchallenge.org/challengers/grand-targhee-resort/index.html]
[mlkzvchgqxko.i.optimole.com/cb_XVt9.d4c1/w_600/h_143/q_eco/g_sm/f_best/https_/cftetonvalley.org/wp-content/uploads/tin-cup/challengers-logos/farm-bureau-insurance-marketing-logo-rgb-horizontal-small-002.svg]
[tincupchallenge.org/challengers/farm-bureau/index.html]
[mlkzvchgqxko.i.optimole.com/cb_XVt9.d4c1/w_1504/h_683/q_eco/g_sm/f_best/https_/cftetonvalley.org/wp-content/uploads/tin-cup/challengers-logos/textbackground-1.svg]
[tincupchallenge.org/challengers/ski-hill-dental/index.html]
[mlkzvchgqxko.i.optimole.com/cb_XVt9.d4c1/w_1429/h_978/q_eco/g_sm/f_best/https_/cftetonvalley.org/wp-content/uploads/tin-cup/challengers-logos/98-logo.rgb_.svg]
[tincupchallenge.org/challengers/ninety-eight-electric/index.html]
[mlkzvchgqxko.i.optimole.com/cb_XVt9.d4c1/w_2500/h_1488/q_eco/g_sm/f_best/https_/cftetonvalley.org/wp-content/uploads/tin-cup/challengers-logos/heimerl-beard-st-claire_teton-valley-attorney.svg]
[tincupchallenge.org/challengers/heimerl-beard-st-clair-attorneys/index.html]
[mlkzvchgqxko.i.optimole.com/cb_XVt9.d4c1/w_366/h_228/q_eco/g_sm/f_best/https_/cftetonvalley.org/wp-content/uploads/tin-cup/challengers-logos/screenshot-2024-05-31-at-1.06.57-pm.svg]
[tincupchallenge.org/challengers/pirate-ship/index.html]
[mlkzvchgqxko.i.optimole.com/cb_XVt9.d4c1/w_1422/h_1200/q_eco/g_sm/f_best/https_/cftetonvalley.org/wp-content/uploads/tin-cup/challengers-logos/luceylogo_rgb-scaled.svg]
[tincupchallenge.org/challengers/lucey-electric/index.html]
[mlkzvchgqxko.i.optimole.com/cb_XVt9.d4c1/w_450/h_381/q_eco/g_sm/f_best/https_/cftetonvalley.org/wp-content/uploads/tin-cup/challengers-logos/under-stellas-umbrella_logo.svg]
[tincupchallenge.org/challengers/under-stellas-umbrella/index.html]
[mlkzvchgqxko.i.optimole.com/cb_XVt9.d4c1/w_2500/h_1250/q_eco/g_sm/f_best/https_/cftetonvalley.org/wp-content/uploads/Landganics-Banner_white-background.svg]
[tincupchallenge.org/challengers/landganics/index.html]
[mlkzvchgqxko.i.optimole.com/cb_XVt9.d4c1/w_272/h_268/q_eco/g_sm/f_best/https_/cftetonvalley.org/wp-content/uploads/tin-cup/challengers-logos/with-the-grain_builders.svg]
[tincupchallenge.org/challengers/with-the-grain/index.html]
[mlkzvchgqxko.i.optimole.com/cb_XVt9.d4c1/w_1856/h_1434/q_eco/g_sm/f_best/https_/cftetonvalley.org/wp-content/uploads/tin-cup/challengers-logos/holiday-propane_teton-valley.svg]
[tincupchallenge.org/challengers/holiday-propane/index.html]
[mlkzvchgqxko.i.optimole.com/cb_XVt9.d4c1/w_1920/h_589/q_eco/g_sm/f_best/https_/cftetonvalley.org/wp-content/uploads/tin-cup/challengers-logos/citypass-logo-scaled.svg]
[tincupchallenge.org/challengers/city-pass/index.html]
[mlkzvchgqxko.i.optimole.com/cb_XVt9.d4c1/w_1215/h_1200/q_eco/g_sm/f_best/https_/cftetonvalley.org/wp-content/uploads/tin-cup/challengers-logos/wydahoroasterslogoblack.svg]
[tincupchallenge.org/challengers/wydaho-roasters/index.html]
[mlkzvchgqxko.i.optimole.com/cb_XVt9.d4c1/w_1200/h_1200/q_eco/g_sm/f_best/https_/cftetonvalley.org/wp-content/uploads/tin-cup/challengers-logos/tributary-stack-b.svg]
[tincupchallenge.org/challengers/tributary/index.html]
[mlkzvchgqxko.i.optimole.com/cb_XVt9.d4c1/w_1024/h_1024/q_eco/g_sm/f_best/https_/cftetonvalley.org/wp-content/uploads/tin-cup/challengers-logos/FallRiver.svg]
[tincupchallenge.org/challengers/fall-river/index.html]
[mlkzvchgqxko.i.optimole.com/cb_XVt9.d4c1/w_1051/h_1051/q_eco/g_sm/f_best/https_/cftetonvalley.org/wp-content/uploads/tin-cup/challengers-logos/wilkinsonmontesanobuilders_chgray_90_centered.svg]
[tincupchallenge.org/challengers/wilkinson-montesano-builders/index.html]
[mlkzvchgqxko.i.optimole.com/cb_XVt9.d4c1/w_2500/h_1406/q_eco/g_sm/f_best/https_/cftetonvalley.org/wp-content/uploads/S.-Allen-Custom-Windows-Covering-High-REZ.svg]
[tincupchallenge.org/challengers/s-allen-custom-window-coverings/index.html]
[mlkzvchgqxko.i.optimole.com/cb_XVt9.d4c1/w_1805/h_1689/q_eco/g_sm/f_best/https_/cftetonvalley.org/wp-content/uploads/tin-cup/challengers-logos/berning-project-management.svg]
[tincupchallenge.org/challengers/14400-2/index.html]
[mlkzvchgqxko.i.optimole.com/cb_XVt9.d4c1/w_500/h_382/q_eco/g_sm/f_best/https_/cftetonvalley.org/wp-content/uploads/tin-cup/challengers-logos/valley_lumber_logo.svg]
[tincupchallenge.org/challengers/valley-lumber/index.html]
[mlkzvchgqxko.i.optimole.com/cb_XVt9.d4c1/w_1772/h_642/q_eco/g_sm/f_best/https_/cftetonvalley.org/wp-content/uploads/tin-cup/challengers-logos/te-logo_talbot-electric-systems-logo.svg]
[tincupchallenge.org/challengers/10112-2/index.html]
[mlkzvchgqxko.i.optimole.com/cb_XVt9.d4c1/w_503/h_276/q_eco/g_sm/f_best/https_/cftetonvalley.org/wp-content/uploads/tin-cup/challengers-logos/teton-glass_logo.svg]
[tincupchallenge.org/challengers/teton-glass/index.html]
[mlkzvchgqxko.i.optimole.com/cb_XVt9.d4c1/w_1280/h_318/q_eco/g_sm/f_best/https_/cftetonvalley.org/wp-content/uploads/tin-cup/challengers-logos/outlook-k1scottq.svg]
[tincupchallenge.org/challengers/teton-real-estate-group/index.html]
[mlkzvchgqxko.i.optimole.com/cb_XVt9.d4c1/w_1500/h_766/q_eco/g_sm/f_best/https_/cftetonvalley.org/wp-content/uploads/tin-cup/challengers-logos/studio-core-teton-valley-vertical-color-.svg]
[tincupchallenge.org/challengers/studiocore-teton-valley/index.html]
[mlkzvchgqxko.i.optimole.com/cb_XVt9.d4c1/w_1704/h_1948/q_eco/g_sm/f_best/https_/cftetonvalley.org/wp-content/uploads/tin-cup/challengers-logos/food-shed-idaho_specialty-grocer.svg]
[tincupchallenge.org/challengers/food-shed-idaho/index.html]
[mlkzvchgqxko.i.optimole.com/cb_XVt9.d4c1/w_1500/h_1500/q_eco/g_sm/f_best/https_/cftetonvalley.org/wp-content/uploads/tin-cup/challengers-logos/grand-teton-brewing.svg]
[tincupchallenge.org/challengers/grand-teton-brewing/index.html]
[mlkzvchgqxko.i.optimole.com/cb_XVt9.d4c1/w_2500/h_2283/q_eco/g_sm/f_best/https_/cftetonvalley.org/wp-content/uploads/Jacksonsspaservice.svg]
[tincupchallenge.org/challengers/jacksons-spa-service/index.html]
[mlkzvchgqxko.i.optimole.com/cb_XVt9.d4c1/w_1798/h_445/q_eco/g_sm/f_best/https_/cftetonvalley.org/wp-content/uploads/tin-cup/challengers-logos/festivelivinglogo.svg]
[tincupchallenge.org/challengers/festive-living/index.html]
[mlkzvchgqxko.i.optimole.com/cb_XVt9.d4c1/w_1920/h_770/q_eco/g_sm/f_best/https_/cftetonvalley.org/wp-content/uploads/tin-cup/challengers-logos/tvr-logo-green-transparent.svg]
[tincupchallenge.org/challengers/teton-valley-realty/index.html]
[mlkzvchgqxko.i.optimole.com/cb_XVt9.d4c1/w_1280/h_695/q_eco/g_sm/f_best/https_/cftetonvalley.org/wp-content/uploads/tin-cup/challengers-logos/victor-emporium-2010-logo.svg]
[tincupchallenge.org/challengers/victor-emporium/index.html]
[mlkzvchgqxko.i.optimole.com/cb_XVt9.d4c1/w_2500/h_1305/q_eco/g_sm/f_best/https_/cftetonvalley.org/wp-content/uploads/BRLMS_Primary_Logo_Vertical.svg]
[tincupchallenge.org/challengers/broulims/index.html]
[mlkzvchgqxko.i.optimole.com/cb_XVt9.d4c1/w_1396/h_1396/q_eco/g_sm/f_best/https_/cftetonvalley.org/wp-content/uploads/tin-cup/challengers-logos/RoyalWolf.svg]
[tincupchallenge.org/challengers/royal-wolf/index.html]
[mlkzvchgqxko.i.optimole.com/cb_XVt9.d4c1/w_296/h_134/q_eco/g_sm/f_best/https_/cftetonvalley.org/wp-content/uploads/tin-cup/challengers-logos/summit-self-storage.svg]
[tincupchallenge.org/challengers/summit-self-storage/index.html]
[mlkzvchgqxko.i.optimole.com/cb_XVt9.d4c1/w_2020/h_2020/q_eco/g_sm/f_best/https_/cftetonvalley.org/wp-content/uploads/tin-cup/challengers-logos/wells-fargo-logo.svg]
[tincupchallenge.org/challengers/wells-fargo-bank/index.html]
[mlkzvchgqxko.i.optimole.com/cb_XVt9.d4c1/w_601/h_601/q_eco/g_sm/f_best/https_/cftetonvalley.org/wp-content/uploads/alupkaasset_bc_logo-stacked-01.svg]
[tincupchallenge.org/challengers/alupka-asset-management/index.html]
[mlkzvchgqxko.i.optimole.com/cb_XVt9.d4c1/w_1400/h_800/q_eco/g_sm/f_best/https_/cftetonvalley.org/wp-content/uploads/tin-cup/challengers-logos/lapbusinesscardfinals_frontcks.svg]
[tincupchallenge.org/challengers/leadership-at-play/index.html]
[mlkzvchgqxko.i.optimole.com/cb_XVt9.d4c1/w_1500/h_1500/q_eco/g_sm/f_best/https_/cftetonvalley.org/wp-content/uploads/tin-cup/challengers-logos/cryo-therampy-idaho_optimum-wellnesslogo.svg]
[tincupchallenge.org/challengers/cryo-therapy/index.html]
[mlkzvchgqxko.i.optimole.com/cb_XVt9.d4c1/w_800/h_464/q_eco/g_sm/f_best/https_/cftetonvalley.org/wp-content/uploads/tin-cup/challengers-logos/teton-bail-bonds-transparent-bg.svg]
[tincupchallenge.org/challengers/teton-bail-bonds/index.html]
[mlkzvchgqxko.i.optimole.com/cb_XVt9.d4c1/w_648/h_324/q_eco/g_sm/f_best/https_/cftetonvalley.org/wp-content/uploads/tin-cup/challengers-logos/teton_fasteners_logo__color.svg]
[tincupchallenge.org/challengers/teton-fasteners/index.html]
[mlkzvchgqxko.i.optimole.com/cb_XVt9.d4c1/w_1024/h_341/q_eco/g_sm/f_best/https_/cftetonvalley.org/wp-content/uploads/tin-cup/challengers-logos/cottonwood_dental.svg]
[tincupchallenge.org/challengers/cottonwood-dental-care/index.html]
[mlkzvchgqxko.i.optimole.com/cb_XVt9.d4c1/w_1000/h_1000/q_eco/g_sm/f_best/https_/cftetonvalley.org/wp-content/uploads/tin-cup/challengers-logos/img_0392.svg]
[tincupchallenge.org/challengers/ross-ave-apartments/index.html]
[mlkzvchgqxko.i.optimole.com/cb_XVt9.d4c1/w_2400/h_1200/q_eco/g_sm/f_best/https_/cftetonvalley.org/wp-content/uploads/GA-Stacked-RB.svg]
[tincupchallenge.org/challengers/grand-associates/index.html]
[mlkzvchgqxko.i.optimole.com/cb_XVt9.d4c1/w_1920/h_1190/q_eco/g_sm/f_best/https_/cftetonvalley.org/wp-content/uploads/tin-cup/challengers-logos/rad-logo-white-scaled.svg]
[tincupchallenge.org/challengers/rad-curbside/index.html]
[mlkzvchgqxko.i.optimole.com/cb_XVt9.d4c1/w_200/h_200/q_eco/g_sm/f_best/https_/cftetonvalley.org/wp-content/uploads/tin-cup/challengers-logos/22designs_logo.svg]
[tincupchallenge.org/challengers/22-designs/index.html]
[tincupchallenge.org/challengers/silverstar/index.html]
[mlkzvchgqxko.i.optimole.com/cb_XVt9.d4c1/w_1216/h_1200/q_eco/g_sm/f_best/https_/cftetonvalley.org/wp-content/uploads/tin-cup/challengers-logos/img_0487.svg]
[tincupchallenge.org/challengers/renew-salon-spa/index.html]
[mlkzvchgqxko.i.optimole.com/cb_XVt9.d4c1/w_2373/h_670/q_eco/g_sm/f_best/https_/cftetonvalley.org/wp-content/uploads/tin-cup/challengers-logos/tvm-flag-FINAL-blue.svg]
[tincupchallenge.org/challengers/teton-valley-magazine/index.html]
[mlkzvchgqxko.i.optimole.com/cb_XVt9.d4c1/w_1200/h_1200/q_eco/g_sm/f_best/https_/cftetonvalley.org/wp-content/uploads/tin-cup/challengers-logos/spitzerrealtylogo-scaled.svg]
[tincupchallenge.org/challengers/spitzer-realty/index.html]
[mlkzvchgqxko.i.optimole.com/cb_XVt9.d4c1/w_1708/h_400/q_eco/g_sm/f_best/https_/cftetonvalley.org/wp-content/uploads/tin-cup/challengers-logos/caldwell-banker-mountain-properties.svg]
[tincupchallenge.org/challengers/sage-realty-group/index.html]
[mlkzvchgqxko.i.optimole.com/cb_XVt9.d4c1/w_533/h_419/q_eco/g_sm/f_best/https_/cftetonvalley.org/wp-content/uploads/tin-cup/challengers-logos/pei_logos-greywhiteinverse-1.svg]
[tincupchallenge.org/challengers/powers-excavating-inc/index.html]
[mlkzvchgqxko.i.optimole.com/cb_XVt9.d4c1/w_420/h_478/q_eco/g_sm/f_best/https_/cftetonvalley.org/wp-content/uploads/tin-cup/challengers-logos/mfp_logo.png.svg]
[tincupchallenge.org/challengers/mountain-fire-protection/index.html]
[mlkzvchgqxko.i.optimole.com/cb_XVt9.d4c1/w_2200/h_2200/q_eco/g_sm/f_best/https_/cftetonvalley.org/wp-content/uploads/tin-cup/challengers-logos/purveyors-of-wine_logo.svg]
[tincupchallenge.org/challengers/purveyors-of-wine/index.html]
[mlkzvchgqxko.i.optimole.com/cb_XVt9.d4c1/w_1920/h_706/q_eco/g_sm/f_best/https_/cftetonvalley.org/wp-content/uploads/tin-cup/challengers-logos/bea_wordmark_logo-color-scaled.svg]
[tincupchallenge.org/challengers/battelle/index.html]
[mlkzvchgqxko.i.optimole.com/cb_XVt9.d4c1/w_550/h_425/q_eco/g_sm/f_best/https_/cftetonvalley.org/wp-content/uploads/tin-cup/challengers-logos/Peaked.svg]
[tincupchallenge.org/challengers/peaked-sports/index.html]
[tincupchallenge.org/challengers/prospect-studio/index.html]
[tincupchallenge.org/cdn-cgi/l/email-protection.html]
[cftetonvalley.org/wp-content/plugins/presto-player/img/sprite.html]
[mlkzvchgqxko.i.optimole.com/cb_XVt9.d4c1/w_1200/h_800/q_eco/g_sm/f_best/https_/cftetonvalley.org/wp-content/uploads/210825_tincup_awards_0626_.svg]
[cftetonvalley.org/wp-content/uploads/tin-cup/tin-cup-logos/cftv-18th-tin-cup-challenge-stacked-white.svg]
[mlkzvchgqxko.i.optimole.com/cb_XVt9.d4c1/w_2400/h_1602/q_eco/g_sm/f_best/https_/cftetonvalley.org/wp-content/uploads/jacobs02.jacobs10-upres-low-resolution-v2-2x.svg]
[mlkzvchgqxko.i.optimole.com/cb_XVt9.d4c1/w_1920/h_1029/q_eco/g_sm/f_best/https_/cftetonvalley.org/wp-content/uploads/nonprofits/abc-logo-trans-1.svg]
[tincupchallenge.org/nonprofits/above-beyond-the-classroom/index.html]
[mlkzvchgqxko.i.optimole.com/cb_XVt9.d4c1/w_1920/h_668/q_eco/g_sm/f_best/https_/cftetonvalley.org/wp-content/uploads/nonprofits/act_logo-05.svg]
[tincupchallenge.org/nonprofits/act-foundation/index.html]
[mlkzvchgqxko.i.optimole.com/cb_XVt9.d4c1/w_1951/h_1051/q_eco/g_sm/f_best/https_/cftetonvalley.org/wp-content/uploads/Askas_color_multi_Logo_notag-01-1.svg]
[tincupchallenge.org/nonprofits/askas-animals/index.html]
[mlkzvchgqxko.i.optimole.com/cb_XVt9.d4c1/w_481/h_481/q_eco/g_sm/f_best/https_/cftetonvalley.org/wp-content/uploads/B33circle.svg]
[tincupchallenge.org/nonprofits/b-on-33/index.html]
[mlkzvchgqxko.i.optimole.com/cb_XVt9.d4c1/w_585/h_585/q_eco/g_sm/f_best/https_/cftetonvalley.org/wp-content/uploads/image0.svg]
[tincupchallenge.org/nonprofits/big-hole-brawlers/index.html]
[mlkzvchgqxko.i.optimole.com/cb_XVt9.d4c1/w_905/h_905/q_eco/g_sm/f_best/https_/cftetonvalley.org/wp-content/uploads/nonprofits/YE_logo_color-jpeg.svg]
[tincupchallenge.org/nonprofits/blake-chapman-young-eagles-scholarship/index.html]
[cftetonvalley.org/wp-content/uploads/Civil_Air_Patrol_2022_logo.svg]
[tincupchallenge.org/nonprofits/civil-air-patrol/index.html]
[cftetonvalley.org/wp-content/uploads/cftv-logos/cftv-logo-stacked-full-color-rgb.svg]
[tincupchallenge.org/nonprofits/community-foundation-of-tetonvalley/index.html]
[mlkzvchgqxko.i.optimole.com/cb_XVt9.d4c1/w_772/h_300/q_eco/g_sm/f_best/https_/cftetonvalley.org/wp-content/uploads/CRC_Logo_RGB_Hz_SM.svg]
[tincupchallenge.org/nonprofits/community-resource-center/index.html]
[mlkzvchgqxko.i.optimole.com/cb_XVt9.d4c1/w_1861/h_1200/q_eco/g_sm/f_best/https_/cftetonvalley.org/wp-content/uploads/nonprofits/dda-logo-2018.svg]
[tincupchallenge.org/nonprofits/downtown-driggs-association/index.html]
[mlkzvchgqxko.i.optimole.com/cb_XVt9.d4c1/w_1503/h_612/q_eco/g_sm/f_best/https_/cftetonvalley.org/wp-content/uploads/Earthfire_Reconnections_combined_logos-FINAL-RECOLORED.svg]
[tincupchallenge.org/nonprofits/earthfire-institute/index.html]
[mlkzvchgqxko.i.optimole.com/cb_XVt9.d4c1/w_2000/h_2000/q_eco/g_sm/f_best/https_/cftetonvalley.org/wp-content/uploads/EI99s_Logo.svg]
[tincupchallenge.org/nonprofits/eastern-idaho-ninety-nines/index.html]
[mlkzvchgqxko.i.optimole.com/cb_XVt9.d4c1/w_463/h_329/q_eco/g_sm/f_best/https_/cftetonvalley.org/wp-content/uploads/eftv_logo_color-1.svg]
[tincupchallenge.org/nonprofits/education-foundation-of-teton-valley-2/index.html]
[mlkzvchgqxko.i.optimole.com/cb_XVt9.d4c1/w_1481/h_230/q_eco/g_sm/f_best/https_/cftetonvalley.org/wp-content/uploads/Logo_2color_internal.svg]
[tincupchallenge.org/nonprofits/family-safety-network/index.html]
[mlkzvchgqxko.i.optimole.com/cb_XVt9.d4c1/w_1000/h_831/q_eco/g_sm/f_best/https_/cftetonvalley.org/wp-content/uploads/nonprofits/ftr-logo_transparent-background-2.svg]
[tincupchallenge.org/nonprofits/friends-of-the-teton-river/index.html]
[mlkzvchgqxko.i.optimole.com/cb_XVt9.d4c1/w_1142/h_1155/q_eco/g_sm/f_best/https_/cftetonvalley.org/wp-content/uploads/GTAD2.svg]
[tincupchallenge.org/nonprofits/grand-targhee-avalanche-dogs/index.html]
[cftetonvalley.org/wp-content/uploads/nonprofits/gtssf/grand-targhee-ski-snowboard-foundation_snowflake-logo.svg]
[tincupchallenge.org/nonprofits/teton-valley-ski-education-foundation/index.html]
[mlkzvchgqxko.i.optimole.com/cb_XVt9.d4c1/w_1280/h_367/q_eco/g_sm/f_best/https_/cftetonvalley.org/wp-content/uploads/HAPI_Logo_2022-01.svg]
[tincupchallenge.org/nonprofits/education-foundation-of-teton-valley/index.html]
[cftetonvalley.org/wp-content/uploads/hispanic-resource-center.svg]
[tincupchallenge.org/nonprofits/hispanic-resource-center-of-teton-valley/index.html]
[mlkzvchgqxko.i.optimole.com/cb_XVt9.d4c1/w_1945/h_1045/q_eco/g_sm/f_best/https_/cftetonvalley.org/wp-content/uploads/la.svg]
[tincupchallenge.org/nonprofits/learning-academy-of-teton-valley/index.html]
[mlkzvchgqxko.i.optimole.com/cb_XVt9.d4c1/w_500/h_500/q_eco/g_sm/f_best/https_/cftetonvalley.org/wp-content/uploads/Lone-Wolf-Wrestling-Club-Logo.svg]
[tincupchallenge.org/nonprofits/lone-wolf-wrestling-club/index.html]
[mlkzvchgqxko.i.optimole.com/cb_XVt9.d4c1/w_523/h_479/q_eco/g_sm/f_best/https_/cftetonvalley.org/wp-content/uploads/Screen-Shot-2022-06-07-at-12.44.28-PM.svg]
[tincupchallenge.org/nonprofits/teton-valley-mental-health-coalition/index.html]
[mlkzvchgqxko.i.optimole.com/cb_XVt9.d4c1/w_1854/h_878/q_eco/g_sm/f_best/https_/cftetonvalley.org/wp-content/uploads/MA_Logo_Tag_Clr.svg]
[tincupchallenge.org/nonprofits/mountain-academy-teton-valley-campus/index.html]
[cftetonvalley.org/wp-content/uploads/Mountain-Bike-The-Tetons_Logo-Shield.svg]
[tincupchallenge.org/nonprofits/mountain-bike-the-tetons/index.html]
[mlkzvchgqxko.i.optimole.com/cb_XVt9.d4c1/w_1200/h_1200/q_eco/g_sm/f_best/https_/cftetonvalley.org/wp-content/uploads/nonprofits/mtn_roots_logo_color_large.svg]
[tincupchallenge.org/nonprofits/mountain-roots-education/index.html]
[mlkzvchgqxko.i.optimole.com/cb_XVt9.d4c1/w_600/h_218/q_eco/g_sm/f_best/https_/cftetonvalley.org/wp-content/uploads/PAWS-DH-Logo-tagline-color_600px-1.svg]
[tincupchallenge.org/nonprofits/paws-of-teton-valley/index.html]
[mlkzvchgqxko.i.optimole.com/cb_XVt9.d4c1/w_960/h_960/q_eco/g_sm/f_best/https_/cftetonvalley.org/wp-content/uploads/TV-Rotary-Logo.svg]
[tincupchallenge.org/nonprofits/rotary-club-of-teton-valley/index.html]
[mlkzvchgqxko.i.optimole.com/cb_XVt9.d4c1/w_670/h_670/q_eco/g_sm/f_best/https_/cftetonvalley.org/wp-content/uploads/swotlogocircle.svg]
[tincupchallenge.org/nonprofits/seniors-west-of-the-tetons/index.html]
[mlkzvchgqxko.i.optimole.com/cb_XVt9.d4c1/w_300/h_300/q_eco/g_sm/f_best/https_/cftetonvalley.org/wp-content/uploads/nonprofits/st.francis.svg]
[tincupchallenge.org/nonprofits/st-francis-of-the-tetons-episcopal-church/index.html]
[cftetonvalley.org/wp-content/uploads/subs-for-santa_stacked-logo-red.svg]
[tincupchallenge.org/nonprofits/subs-for-santa-2/index.html]
[mlkzvchgqxko.i.optimole.com/cb_XVt9.d4c1/w_2074/h_1622/q_eco/g_sm/f_best/https_/cftetonvalley.org/wp-content/uploads/tetonarts_logo_color.svg]
[tincupchallenge.org/nonprofits/teton-arts/index.html]
[cftetonvalley.org/wp-content/uploads/nonprofits/4-h_teton-county_clover-logo.svg]
[tincupchallenge.org/nonprofits/teton-county-4-h/index.html]
[mlkzvchgqxko.i.optimole.com/cb_XVt9.d4c1/w_1500/h_1546/q_eco/g_sm/f_best/https_/cftetonvalley.org/wp-content/uploads/logo_new-31.svg]
[tincupchallenge.org/nonprofits/teton-county-fairgrounds/index.html]
[mlkzvchgqxko.i.optimole.com/cb_XVt9.d4c1/w_600/h_600/q_eco/g_sm/f_best/https_/cftetonvalley.org/wp-content/uploads/TCSAR_Logo_RGB_2-In.svg]
[tincupchallenge.org/nonprofits/teton-county-idaho-search-and-rescue-tcisar/index.html]
[cftetonvalley.org/wp-content/uploads/teton-valley-youth-soccer-club-01.svg]
[tincupchallenge.org/nonprofits/teton-soccer-club/index.html]
[cftetonvalley.org/wp-content/uploads/teton-valley-high-school_teton-timberwolves_booster-club_logo-stacked.svg]
[tincupchallenge.org/nonprofits/teton-high-school-booster-club/index.html]
[mlkzvchgqxko.i.optimole.com/cb_XVt9.d4c1/w_1871/h_608/q_eco/g_sm/f_best/https_/cftetonvalley.org/wp-content/uploads/nonprofits/TRLT_RGB_green.svg]
[tincupchallenge.org/nonprofits/teton-regional-land-trust/index.html]
[mlkzvchgqxko.i.optimole.com/cb_XVt9.d4c1/w_1955/h_2500/q_eco/g_sm/f_best/https_/cftetonvalley.org/wp-content/uploads/TRGLogo2023-1.svg]
[tincupchallenge.org/nonprofits/teton-rock-gym/index.html]
[mlkzvchgqxko.i.optimole.com/cb_XVt9.d4c1/w_525/h_525/q_eco/g_sm/f_best/https_/cftetonvalley.org/wp-content/uploads/Teton-Valley-Aquatics_logo.svg]
[tincupchallenge.org/nonprofits/teton-valley-aquatics/index.html]
[cftetonvalley.org/wp-content/uploads/teton-valley-backcountry-horsemen_logo-01.svg]
[tincupchallenge.org/nonprofits/teton-valley-backcountry-horsemen/index.html]
[mlkzvchgqxko.i.optimole.com/cb_XVt9.d4c1/w_500/h_385/q_eco/g_sm/f_best/https_/cftetonvalley.org/wp-content/uploads/nonprofits/teton-valley-balloon-rally.svg]
[tincupchallenge.org/nonprofits/teton-valley-balloon-rally/index.html]
[cftetonvalley.org/wp-content/uploads/nonprofits/teton-valley-chamber-music-fesival_logo-stacked.svg]
[tincupchallenge.org/nonprofits/teton-valley-chamber-music-festiva/index.html]
[mlkzvchgqxko.i.optimole.com/cb_XVt9.d4c1/w_500/h_500/q_eco/g_sm/f_best/https_/cftetonvalley.org/wp-content/uploads/nonprofits/teton-valley-collaborative-for-early-learning_logo.svg]
[tincupchallenge.org/nonprofits/teton-valley-collaborative-for-early-learning/index.html]
[cftetonvalley.org/wp-content/uploads/nonprofits/teton-valley-community-recycling_logo.svg]
[tincupchallenge.org/nonprofits/teton-valley-community-recycling/index.html]
[mlkzvchgqxko.i.optimole.com/cb_XVt9.d4c1/w_1968/h_1488/q_eco/g_sm/f_best/https_/cftetonvalley.org/wp-content/uploads/TVCLogo24GreyCenter.svg]
[tincupchallenge.org/nonprofits/16790-2/index.html]
[mlkzvchgqxko.i.optimole.com/cb_XVt9.d4c1/w_1500/h_1500/q_eco/g_sm/f_best/https_/cftetonvalley.org/wp-content/uploads/nonprofits/teton-valley-farmers-market_logo.svg]
[tincupchallenge.org/nonprofits/teton-valley-farmers-market/index.html]
[mlkzvchgqxko.i.optimole.com/cb_XVt9.d4c1/w_2164/h_2500/q_eco/g_sm/f_best/https_/cftetonvalley.org/wp-content/uploads/Food-Pantry.svg]
[tincupchallenge.org/nonprofits/teton-valley-food-pantry/index.html]
[mlkzvchgqxko.i.optimole.com/cb_XVt9.d4c1/w_1051/h_526/q_eco/g_sm/f_best/https_/cftetonvalley.org/wp-content/uploads/nonprofits/tvf_logo-01.svg]
[tincupchallenge.org/nonprofits/teton-valley-foundation/index.html]
[mlkzvchgqxko.i.optimole.com/cb_XVt9.d4c1/w_1500/h_1500/q_eco/g_sm/f_best/https_/cftetonvalley.org/wp-content/uploads/nonprofits/teton-valley-health-care_logo.svg]
[tincupchallenge.org/nonprofits/teton-valley-health/index.html]
[mlkzvchgqxko.i.optimole.com/cb_XVt9.d4c1/w_398/h_251/q_eco/g_sm/f_best/https_/cftetonvalley.org/wp-content/uploads/Teton-Housing-Logo_Color-100.svg]
[tincupchallenge.org/nonprofits/teton-county-joint-housing-authority/index.html]
[mlkzvchgqxko.i.optimole.com/cb_XVt9.d4c1/w_1920/h_1440/q_eco/g_sm/f_best/https_/cftetonvalley.org/wp-content/uploads/nonprofits/teton-valley-museum/teton-valley-museum.svg]
[tincupchallenge.org/nonprofits/teton-valley-museum-foundation/index.html]
[mlkzvchgqxko.i.optimole.com/cb_XVt9.d4c1/w_1500/h_1500/q_eco/g_sm/f_best/https_/cftetonvalley.org/wp-content/uploads/nonprofits/teton-valley-skijoring/tvskijoring_logo_neonfinal_wh.svg]
[tincupchallenge.org/nonprofits/teton-valley-skijoring/index.html]
[mlkzvchgqxko.i.optimole.com/cb_XVt9.d4c1/w_1000/h_1000/q_eco/g_sm/f_best/https_/cftetonvalley.org/wp-content/uploads/Trails-Pathways-Logo-med-1.svg]
[tincupchallenge.org/nonprofits/teton-valley-trails-and-pathways/index.html]
[mlkzvchgqxko.i.optimole.com/cb_XVt9.d4c1/w_422/h_414/q_eco/g_sm/f_best/https_/cftetonvalley.org/wp-content/uploads/tulogo.svg]
[tincupchallenge.org/nonprofits/teton-valley-trout-unlimited/index.html]
[mlkzvchgqxko.i.optimole.com/cb_XVt9.d4c1/w_1354/h_1230/q_eco/g_sm/f_best/https_/cftetonvalley.org/wp-content/uploads/nonprofits/teton-valley-lacrosse/2020-logo.svg]
[tincupchallenge.org/nonprofits/teton-valley-youth-lacrosse-association/index.html]
[mlkzvchgqxko.i.optimole.com/cb_XVt9.d4c1/w_2000/h_2500/q_eco/g_sm/f_best/https_/cftetonvalley.org/wp-content/uploads/twcr.svg]
[tincupchallenge.org/nonprofits/teton-wildlife-rehabilitation-center/index.html]
[mlkzvchgqxko.i.optimole.com/cb_XVt9.d4c1/w_1659/h_1920/q_eco/g_sm/f_best/https_/cftetonvalley.org/wp-content/uploads/nonprofits/valley-adaptive-sports/vas-1.svg]
[tincupchallenge.org/nonprofits/rein-dance-therapeutic-recreational-riding/index.html]
[mlkzvchgqxko.i.optimole.com/cb_XVt9.d4c1/w_1920/h_1865/q_eco/g_sm/f_best/https_/cftetonvalley.org/wp-content/uploads/nonprofits/valley-advocates-for-responsible-development/vard_hzb_cmyk_lg.svg]
[tincupchallenge.org/nonprofits/valley-advocates-for-responsible-development/index.html]
[mlkzvchgqxko.i.optimole.com/cb_XVt9.d4c1/w_360/h_180/q_eco/g_sm/f_best/https_/cftetonvalley.org/wp-content/uploads/VTL_Friends-Logo_Color.svg]
[tincupchallenge.org/nonprofits/valley-of-the-tetons-library/index.html]
[mlkzvchgqxko.i.optimole.com/cb_XVt9.d4c1/w_1035/h_1134/q_eco/g_sm/f_best/https_/cftetonvalley.org/wp-content/uploads/VictorRockParkLogoLg.svg]
[tincupchallenge.org/nonprofits/victor-rock-park/index.html]
[mlkzvchgqxko.i.optimole.com/cb_XVt9.d4c1/w_313/h_206/q_eco/g_sm/f_best/https_/cftetonvalley.org/wp-content/uploads/VSF-decal-Copy.svg]
[tincupchallenge.org/nonprofits/38679-2/index.html]
[mlkzvchgqxko.i.optimole.com/cb_XVt9.d4c1/w_1500/h_1500/q_eco/g_sm/f_best/https_/cftetonvalley.org/wp-content/uploads/nonprofits/yoga-source/the-yoga-source_logo_2.svg]
[tincupchallenge.org/nonprofits/yoga-source/index.html]
[mlkzvchgqxko.i.optimole.com/cb_XVt9.d4c1/w_2560/h_2560/q_eco/g_sm/f_best/https_/cftetonvalley.org/wp-content/uploads/young-life-scaled.svg]
[tincupchallenge.org/nonprofits/young-life-of-teton-valley/index.html]
[mlkzvchgqxko.i.optimole.com/cb_XVt9.d4c1/w_2500/h_2500/q_eco/g_sm/f_best/https_/cftetonvalley.org/wp-content/uploads/kick-off.svg]
[mlkzvchgqxko.i.optimole.com/cb_XVt9.d4c1/w_1080/h_1080/q_eco/g_sm/f_best/https_/cftetonvalley.org/wp-content/uploads/tcc-app-closes.svg]
[mlkzvchgqxko.i.optimole.com/cb_XVt9.d4c1/w_1200/h_1200/q_eco/g_sm/f_best/https_/cftetonvalley.org/wp-content/uploads/tinny.svg]
[mlkzvchgqxko.i.optimole.com/cb_XVt9.d4c1/w_2500/h_2500/q_eco/g_sm/f_best/https_/cftetonvalley.org/wp-content/uploads/marketing-meeting.svg]
[mlkzvchgqxko.i.optimole.com/cb_XVt9.d4c1/w_1200/h_1200/q_eco/g_sm/f_best/https_/cftetonvalley.org/wp-content/uploads/mmm-deadline.svg]
[mlkzvchgqxko.i.optimole.com/cb_XVt9.d4c1/w_1080/h_1080/q_eco/g_sm/f_best/https_/cftetonvalley.org/wp-content/uploads/tcc-giving-period.svg]
[mlkzvchgqxko.i.optimole.com/cb_XVt9.d4c1/w_1080/h_1080/q_eco/g_sm/f_best/https_/cftetonvalley.org/wp-content/uploads/1.svg]
[mlkzvchgqxko.i.optimole.com/cb_XVt9.d4c1/w_1080/h_1080/q_eco/g_sm/f_best/https_/cftetonvalley.org/wp-content/uploads/tcc-giving-closes.svg]
[mlkzvchgqxko.i.optimole.com/cb_XVt9.d4c1/w_1080/h_1080/q_eco/g_sm/f_best/https_/cftetonvalley.org/wp-content/uploads/tcc-awards-party-3.svg]
[mlkzvchgqxko.i.optimole.com/cb_XVt9.d4c1/w_1920/h_1920/q_eco/g_sm/f_best/https_/cftetonvalley.org/wp-content/uploads/tin-cup-course-map_run-walk-route.svg]
[mlkzvchgqxko.i.optimole.com/cb_XVt9.d4c1/w_2048/h_1364/q_eco/g_sm/f_best/https_/cftetonvalley.org/wp-content/uploads/unknown-5.svg]
[mlkzvchgqxko.i.optimole.com/cb_XVt9.d4c1/w_2400/h_2400/q_eco/g_sm/f_best/https_/cftetonvalley.org/wp-content/uploads/selkowitz25.230715_tin_cup_0181_-1-upres-low-resolution-v2-2x.svg]
[mlkzvchgqxko.i.optimole.com/cb_XVt9.d4c1/w_1920/h_513/q_eco/g_sm/f_best/https_/cftetonvalley.org/wp-content/uploads/tin-cup/challengers-logos/alphagraphics-logo.svg]
[mlkzvchgqxko.i.optimole.com/cb_XVt9.d4c1/w_230/h_120/q_eco/g_sm/f_best/https_/cftetonvalley.org/wp-content/uploads/nonprofits/driggs.svg]
[mlkzvchgqxko.i.optimole.com/cb_XVt9.d4c1/w_1341/h_606/q_eco/g_sm/f_best/https_/cftetonvalley.org/wp-content/uploads/tin-cup/challengers-logos/community-foundation-of-jackson-hole.svg]
[cftetonvalley.org/wp-content/uploads/nonprofits/downtown-driggs-association/downton-driggs-association_logo_color.svg]
[mlkzvchgqxko.i.optimole.com/cb_XVt9.d4c1/w_996/h_106/q_eco/g_sm/f_best/https_/cftetonvalley.org/wp-content/uploads/tin-cup/challengers-logos/jake-hawkes-designpng.svg]
[mlkzvchgqxko.i.optimole.com/cb_XVt9.d4c1/w_175/h_72/q_eco/g_sm/f_best/https_/cftetonvalley.org/wp-content/uploads/tin-cup/challengers-logos/high-range.svg]
[mlkzvchgqxko.i.optimole.com/cb_XVt9.d4c1/w_405/h_175/q_eco/g_sm/f_best/https_/cftetonvalley.org/wp-content/uploads/tin-cup/challengers-logos/holly-sage_art.svg]
[mlkzvchgqxko.i.optimole.com/cb_XVt9.d4c1/w_512/h_512/q_eco/g_sm/f_best/https_/cftetonvalley.org/wp-content/uploads/tin-cup/challengers-logos/jackson-hole-radio.svg]
[mlkzvchgqxko.i.optimole.com/cb_XVt9.d4c1/w_1560/h_585/q_eco/g_sm/f_best/https_/cftetonvalley.org/wp-content/uploads/tin-cup/challengers-logos/kates-real-food.svg]
[mlkzvchgqxko.i.optimole.com/cb_XVt9.d4c1/w_360/h_257/q_eco/g_sm/f_best/https_/cftetonvalley.org/wp-content/uploads/tin-cup/challengers-logos/liquid-hardware.svg]
[www.mcdonalds.com/content/dam/sites/usa/nfl/icons/McD_GoldenArches_200x200.jpg]
[www.mcdonalds.com/content/dam/sites/usa/nfl/icons/favicon.ico]
[www.mcdonalds.com/us/en-us/location/wy/jackson/1110-w-broadway/ak.m.f1.delayed]
[www.mcdonalds.com/us/en-us/location/wy/jackson/1110-w-broadway/ak.t.f3.delayed]
[www.mcdonalds.com/content/dam/sites/usa/nfl/icons/Info-Diamond.svg]
[www.mcdonalds.com/us/en-us/terms-and-conditions.html]
[www.mcdonalds.com/us/en-us.html]
[www.mcdonalds.com/content/dam/sites/usa/nfl/icons/arches-logo_108x108.jpg]
[www.mcdonalds.com/us/es-us/location/wy/jackson/1110-w-broadway/6435.html]
[www.mcdonalds.com/us/en-us/mcdonalds-email-signup.html]
[www.mcdonalds.com/us/en-us/full-menu/buffalo-ranch-mccrispy-chicken-sandwiches.html]
[www.mcdonalds.com/us/en-us/full-menu.html]
[careers.mcdonalds.com/index.html]
[www.mcdonalds.com/us/en-us/full-menu/extra-value-meals-menu.html]
[www.mcdonalds.com/us/en-us/full-menu/mcvalue-menu.html]
[www.mcdonalds.com/us/en-us/full-menu/breakfast.html]
[www.mcdonalds.com/us/en-us/full-menu/burgers.html]
[www.mcdonalds.com/us/en-us/full-menu/chicken-and-fish-sandwiches.html]
[www.mcdonalds.com/us/en-us/full-menu/mcnuggets-and-mccrispy-strips.html]
[www.mcdonalds.com/us/en-us/full-menu/snack-wrap.html]
[www.mcdonalds.com/us/en-us/full-menu/fries-sides.html]
[www.mcdonalds.com/us/en-us/full-menu/happy-meal.html]
[www.mcdonalds.com/us/en-us/full-menu/sweets-treats.html]
[www.mcdonalds.com/us/en-us/full-menu/mccafe-coffees.html]
[www.mcdonalds.com/us/en-us/full-menu/drinks.html]
[www.mcdonalds.com/us/en-us/full-menu/sauces-and-condiments.html]
[www.mcdonalds.com/us/en-us/download-app.html]
[www.mcdonalds.com/us/en-us/mymcdonalds.html]
[www.mcdonalds.com/us/en-us/deals.html]
[www.mcdonalds.com/us/en-us/mcdelivery.html]
[www.mcdonalds.com/us/en-us/about-our-food.html]
[www.mcdonalds.com/us/en-us/arch-card.html]
[www.mcdonalds.com/us/en-us/search-results.html]
[www.mcdonalds.com/us/en-us/restaurant-locator.html]
[www.mcdonalds.com/content/dam/sites/usa/nfl/feature-callout/Phones_Image_New.png]
[www.mcdonalds.com/content/dam/sites/usa/nfl/images/RestaurantLocator_Googleplay_236x76.png]
[www.mcdonalds.com/content/dam/sites/usa/nfl/images/iphone.jpg]
[www.mcdonalds.com/content/dam/sites/usa/nfl/publication/welcome.jpg]
[www.mcdonalds.com/us/en-us/mobile-order-and-pay.html]
[www.mcdonalds.com/us/en-us/faq/mcdonalds-app.html]
[careers.mcdonalds.com/us-restaurants.117.delayed]
[careers.mcdonalds.com/main/us/corporate]
[www.mcdonalds.com/us/en-us/mccafe.html]
[www.mcdonalds.com/us/en-us/product/quarter-pounder-with-cheese.html]
[www.mcdonalds.com/us/en-us/about-us.html]
[www.mcdonalds.com/us/en-us/about-us/leadership-team.html]
[www.mcdonalds.com/us/en-us/about-us/values-in-action.html]
[www.mcdonalds.com/us/en-us/us-franchising.html]
[www.mcdonalds.com/us/en-us/about-us/recalls.html]
[www.mcdonalds.com/us/en-us/about-us/franchising/real-estate.html]
[www.mcdonalds.com/us/en-us/accessibility.html]
[corporate.mcdonalds.com/corpmcd/investors.html]
[corporate.mcdonalds.com/corpmcd/our-stories.html]
[www.mcdonalds.com/us/en-us/services.html]
[www.mcdonalds.com/us/en-us/food-delivery-near-me.html]
[www.mcdonalds.com/us/en-us/services/free-wi-fi.html]
[www.mcdonalds.com/us/en-us/services/playplaces-and-parties.html]
[www.mcdonalds.com/us/en-us/whats-hot.html]
[www.mcdonalds.com/us/en-us/family-fun-hub.html]
[www.mcdonalds.com/us/en-us/community.html]
[www.mcdonalds.com/us/en-us/now-serving.html]
[www.mcdonalds.com/us/en-us/mcdonalds-scholarships.html]
[www.mcdonalds.com/us/en-us/community/giving-back-with-ronald-mcdonald-house.html]
[corporate.mcdonalds.com/corpmcd/home.html]
[www.mcdonalds.com/us/en-us/contact-us.html]
[www.mcdonalds.com/us/en-us/faq/arch-card.html]
[www.mcdonalds.com/us/en-us/faq/business.html]
[www.mcdonalds.com/us/en-us/faq/employment.html]
[www.mcdonalds.com/us/en-us/feedback.html]
[www.mcdonalds.com/us/en-us/faq.html]
[www.mcdonalds.com/content/dam/sites/usa/nfl/icons/facebook.png]
[www.mcdonalds.com/content/dam/sites/usa/nfl/icons/x.png]
[www.mcdonalds.com/content/dam/sites/usa/nfl/icons/youtube.png]
[www.mcdonalds.com/content/dam/sites/usa/nfl/icons/instagram.png]
[www.mcdonalds.com/content/dam/sites/usa/nfl/icons/tumblr.png]
[www.mcdonalds.com/content/dam/sites/usa/nfl/icons/spotify.png]
[www.mcdonalds.com/content/dam/sites/usa/nfl/logo/app_store_badge.png]
[www.mcdonalds.com/content/dam/sites/usa/nfl/logo/DownloadApp_Googleplay_154x40.png]
[www.mcdonalds.com/us/en-us/privacy-overview.html]
[www.mcdonalds.com/us/en-us/privacy.html]
[www.mcdonalds.com/us/en-us/consumer-health-data-privacy-policy.html]
[www.mcdonalds.com/content/dam/sites/usa/nfl/order-delivery/Modal_Storefront_PickUp_46x46.png]
[www.mcdonalds.com/content/dam/sites/usa/nfl/order-delivery/blackPhone_EN_QR_downloadapp.png]
[www.mcdonalds.com/us/en-us/location/wy/jackson/1110-w-broadway/6435.html]
[mlkzvchgqxko.i.optimole.com/cb_XVt9.d4c1/w_225/h_225/q_eco/g_sm/f_best/https_/cftetonvalley.org/wp-content/uploads/tin-cup/challengers-logos/mcdonalds.svg]
[mlkzvchgqxko.i.optimole.com/cb_XVt9.d4c1/w_620/h_168/q_eco/g_sm/f_best/https_/cftetonvalley.org/wp-content/uploads/tin-cup/challengers-logos/md-landscaping-logo-2x.svg]
[mlkzvchgqxko.i.optimole.com/cb_XVt9.d4c1/w_444/h_240/q_eco/g_sm/f_best/https_/cftetonvalley.org/wp-content/uploads/tin-cup/challengers-logos/logo-new1.svg]
[cftetonvalley.org/wp-content/uploads/nonprofits/mountain-roots-education/mountain-roots-logo-green-01.svg]
[mlkzvchgqxko.i.optimole.com/cb_XVt9.d4c1/w_320/h_310/q_eco/g_sm/f_best/https_/cftetonvalley.org/wp-content/uploads/tin-cup/challengers-logos/alpino-pizzeria-logo.svg]
[mlkzvchgqxko.i.optimole.com/cb_XVt9.d4c1/w_1199/h_1200/q_eco/g_sm/f_best/https_/cftetonvalley.org/wp-content/uploads/tin-cup/challengers-logos/img_0181.svg]
[mlkzvchgqxko.i.optimole.com/cb_XVt9.d4c1/w_518/h_518/q_eco/g_sm/f_best/https_/cftetonvalley.org/wp-content/uploads/tin-cup/challengers-logos/rise.svg]
[mlkzvchgqxko.i.optimole.com/cb_XVt9.d4c1/w_1920/h_520/q_eco/g_sm/f_best/https_/cftetonvalley.org/wp-content/uploads/nonprofits/SWOT-Color.svg]
[mlkzvchgqxko.i.optimole.com/cb_XVt9.d4c1/w_392/h_174/q_eco/g_sm/f_best/https_/cftetonvalley.org/wp-content/uploads/tin-cup/challengers-logos/stinkyprints.svg]
[mlkzvchgqxko.i.optimole.com/cb_XVt9.d4c1/w_158/h_158/q_eco/g_sm/f_best/https_/cftetonvalley.org/wp-content/uploads/tin-cup/challengers-logos/teton-county-sheriff.svg]
[mlkzvchgqxko.i.optimole.com/cb_XVt9.d4c1/w_500/h_623/q_eco/g_sm/f_best/https_/cftetonvalley.org/wp-content/uploads/nonprofits/revised-geo-logo.svg]
[mlkzvchgqxko.i.optimole.com/cb_XVt9.d4c1/w_738/h_445/q_eco/g_sm/f_best/https_/cftetonvalley.org/wp-content/uploads/tin-cup/challengers-logos/teton-school-distr.svg]
[mlkzvchgqxko.i.optimole.com/cb_XVt9.d4c1/w_1200/h_1200/q_eco/g_sm/f_best/https_/cftetonvalley.org/wp-content/uploads/nonprofits/TVCR.svg]
[mlkzvchgqxko.i.optimole.com/cb_XVt9.d4c1/w_400/h_292/q_eco/g_sm/f_best/https_/cftetonvalley.org/wp-content/uploads/tin-cup/challengers-logos/teton-valley-news.svg]
[mlkzvchgqxko.i.optimole.com/cb_XVt9.d4c1/w_300/h_300/q_eco/g_sm/f_best/https_/cftetonvalley.org/wp-content/uploads/nonprofits/tvtap-3.svg]
[mlkzvchgqxko.i.optimole.com/cb_XVt9.d4c1/w_1200/h_476/q_eco/g_sm/f_best/https_/cftetonvalley.org/wp-content/uploads/tin-cup/challengers-logos/church_of_jesus_christ_of_latter-day_saints.svg_.svg]
[mlkzvchgqxko.i.optimole.com/cb_XVt9.d4c1/w_708/h_747/q_eco/g_sm/f_best/https_/cftetonvalley.org/wp-content/uploads/tin-cup/challengers-logos/transcend-ideas-logo_full.svg]
[mlkzvchgqxko.i.optimole.com/cb_XVt9.d4c1/w_952/h_250/q_eco/g_sm/f_best/https_/cftetonvalley.org/wp-content/uploads/tin-cup/challengers-logos/us-bank.svg]
[mlkzvchgqxko.i.optimole.com/cb_XVt9.d4c1/w_360/h_180/q_eco/g_sm/f_best/https_/cftetonvalley.org/wp-content/uploads/VTL_Friends-Logo_Color-1.svg]
[mlkzvchgqxko.i.optimole.com/cb_XVt9.d4c1/w_1900/h_1267/q_eco/g_sm/f_best/https_/cftetonvalley.org/wp-content/uploads/2024TinCup_JessCurren-23-Edit.svg]
[www.mcdonalds.com/us/en-us/location/wy/jackson/1110-w-broadway/ak.m.html]
[www.mcdonalds.com/us/en-us/location/wy/jackson/1110-w-broadway/ak.t.html]
[www.mcdonalds.com/content/dam/sites/usa/nfl/icons/Info-Diamond.svg]
[www.mcdonalds.com/us/en-us/ak.m.144.delayed]
[www.mcdonalds.com/us/en-us/ak.t.146.delayed]
[www.mcdonalds.com/us/es-us/terms-and-conditions.html]
[www.mcdonalds.com/us/en-us/terms-and-conditions.html]
[www.mcdonalds.com/us/en-us.html]
[www.mcdonalds.com/us/es-us/location/wy/jackson/1110-w-broadway/6435.html]
[www.mcdonalds.com/us/en-us/mcdonalds-email-signup.html]
[careers.mcdonalds.com/index.html]
[www.mcdonalds.com/us/en-us/full-menu.html]
[www.mcdonalds.com/us/en-us/full-menu/buffalo-ranch-mccrispy-chicken-sandwiches.html]
[www.mcdonalds.com/us/en-us/full-menu/extra-value-meals-menu.html]
[www.mcdonalds.com/us/en-us/full-menu/mcvalue-menu.html]
[www.mcdonalds.com/us/en-us/full-menu/breakfast.html]
[www.mcdonalds.com/us/en-us/full-menu/burgers.html]
[www.mcdonalds.com/us/en-us/full-menu/chicken-and-fish-sandwiches.html]
[www.mcdonalds.com/us/en-us/full-menu/mcnuggets-and-mccrispy-strips.html]
[www.mcdonalds.com/us/en-us/full-menu/snack-wrap.html]
[www.mcdonalds.com/us/en-us/full-menu/fries-sides.html]
[www.mcdonalds.com/us/en-us/full-menu/happy-meal.html]
[www.mcdonalds.com/us/en-us/full-menu/sweets-treats.html]
[www.mcdonalds.com/us/en-us/full-menu/mccafe-coffees.html]
[www.mcdonalds.com/us/en-us/full-menu/drinks.html]
[www.mcdonalds.com/us/en-us/full-menu/sauces-and-condiments.html]
[www.mcdonalds.com/us/en-us/download-app.html]
[www.mcdonalds.com/us/en-us/mymcdonalds.html]
[www.mcdonalds.com/us/en-us/deals.html]
[www.mcdonalds.com/us/en-us/mcdelivery.html]
[www.mcdonalds.com/us/en-us/about-our-food.html]
[www.mcdonalds.com/us/en-us/arch-card.html]
[www.mcdonalds.com/us/en-us/search-results.html]
[www.mcdonalds.com/us/en-us/restaurant-locator.html]
[www.mcdonalds.com/us/en-us/mobile-order-and-pay.html]
[www.mcdonalds.com/us/en-us/faq/mcdonalds-app.html]
[careers.mcdonalds.com/us-restaurants.html]
[careers.mcdonalds.com/main/us/corporate.html]
[www.mcdonalds.com/us/en-us/mccafe.html]
[www.mcdonalds.com/us/en-us/product/quarter-pounder-with-cheese.html]
[www.mcdonalds.com/us/en-us/about-us.html]
[www.mcdonalds.com/us/en-us/about-us/leadership-team.html]
[www.mcdonalds.com/us/en-us/about-us/values-in-action.html]
[www.mcdonalds.com/us/en-us/us-franchising.html]
[www.mcdonalds.com/us/en-us/about-us/recalls.html]
[www.mcdonalds.com/us/en-us/about-us/franchising/real-estate.html]
[www.mcdonalds.com/us/en-us/accessibility.html]
[corporate.mcdonalds.com/corpmcd/investors.html]
[corporate.mcdonalds.com/corpmcd/our-stories.html]
[www.mcdonalds.com/us/en-us/services.html]
[www.mcdonalds.com/us/en-us/food-delivery-near-me.html]
[www.mcdonalds.com/us/en-us/services/free-wi-fi.html]
[www.mcdonalds.com/us/en-us/services/playplaces-and-parties.html]
[www.mcdonalds.com/us/en-us/whats-hot.html]
[www.mcdonalds.com/us/en-us/family-fun-hub.html]
[www.mcdonalds.com/us/en-us/community.html]
[www.mcdonalds.com/us/en-us/now-serving.html]
[www.mcdonalds.com/us/en-us/mcdonalds-scholarships.html]
[www.mcdonalds.com/us/en-us/community/giving-back-with-ronald-mcdonald-house.html]
[corporate.mcdonalds.com/corpmcd/home.html]
[www.mcdonalds.com/us/en-us/contact-us.html]
[www.mcdonalds.com/us/en-us/faq/arch-card.html]
[www.mcdonalds.com/us/en-us/faq/business.html]
[www.mcdonalds.com/us/en-us/faq/employment.html]
[www.mcdonalds.com/us/en-us/feedback.html]
[www.mcdonalds.com/us/en-us/faq.html]
[www.mcdonalds.com/us/en-us/privacy-overview.html]
[www.mcdonalds.com/us/en-us/privacy.html]
[www.mcdonalds.com/us/en-us/consumer-health-data-privacy-policy.html]
[www.mcdonalds.com/us/en-us/ak.m.html]
[www.mcdonalds.com/us/en-us/ak.t.html]
[www.mcdonalds.com/us/es-us/terms-and-conditions.html]
